interrupt_hal.c:25:13:IntHal_default_ISR	4	static,ignoring_inline_asm
interrupt_hal.c:32:8:IntHal_suspend_global_interrupt	16	static,ignoring_inline_asm
interrupt_hal.c:44:6:IntHal_restore_global_interrupt	16	static,ignoring_inline_asm
interrupt_hal.c:51:6:IntHal_enable_global_interrupt	4	static,ignoring_inline_asm
interrupt_hal.c:56:6:IntHal_vector_init	16	static
interrupt_hal.c:70:6:IntHal_vector_register	16	static
interrupt_hal.c:83:6:IntHal_vector_unregister	16	static
interrupt_hal.c:90:6:I2C1_EV_IRQHandler	8	static
interrupt_hal.c:99:6:I2C1_ER_IRQHandler	8	static
interrupt_hal.c:111:6:NMI_Handler	4	static
interrupt_hal.c:124:6:HardFault_Handler	4	static
interrupt_hal.c:139:6:MemManage_Handler	4	static
interrupt_hal.c:154:6:BusFault_Handler	4	static
interrupt_hal.c:169:6:UsageFault_Handler	4	static
interrupt_hal.c:184:6:SVC_Handler	4	static
interrupt_hal.c:197:6:DebugMon_Handler	4	static
interrupt_hal.c:210:6:PendSV_Handler	4	static
interrupt_hal.c:223:6:SysTick_Handler	4	static
