interrupt_hal.c:25:13:IntHal_default_ISR	4	static,ignoring_inline_asm
interrupt_hal.c:32:8:IntHal_suspend_global_interrupt	16	static,ignoring_inline_asm
interrupt_hal.c:44:6:IntHal_restore_global_interrupt	16	static,ignoring_inline_asm
interrupt_hal.c:51:6:IntHal_enable_global_interrupt	4	static,ignoring_inline_asm
interrupt_hal.c:56:6:IntHal_vector_init	16	static
interrupt_hal.c:70:6:IntHal_vector_register	16	static
interrupt_hal.c:83:6:IntHal_vector_unregister	16	static
interrupt_hal.c:90:6:I2C1_EV_IRQHandler	8	static
interrupt_hal.c:99:6:I2C1_ER_IRQHandler	8	static
interrupt_hal.c:104:6:TIM4_IRQHandler	8	static
interrupt_hal.c:115:6:NMI_Handler	4	static
interrupt_hal.c:128:6:HardFault_Handler	4	static
interrupt_hal.c:143:6:MemManage_Handler	4	static
interrupt_hal.c:158:6:BusFault_Handler	4	static
interrupt_hal.c:173:6:UsageFault_Handler	4	static
interrupt_hal.c:188:6:SVC_Handler	4	static
interrupt_hal.c:201:6:DebugMon_Handler	4	static
interrupt_hal.c:214:6:PendSV_Handler	4	static
interrupt_hal.c:227:6:SysTick_Handler	4	static
