Archive member included to satisfy reference by file (symbol)

c:/st/stm32cubeide_1.3.0/stm32cubeide/plugins/com.st.stm32cube.ide.mcu.externaltools.gnu-tools-for-stm32.7-2018-q2-update.win32_1.0.0.201904181610/tools/bin/../lib/gcc/arm-none-eabi/7.3.1/../../../../arm-none-eabi/lib/thumb/v7-m\libc_nano.a(lib_a-errno.o)
                              Src/syscalls.o (__errno)
c:/st/stm32cubeide_1.3.0/stm32cubeide/plugins/com.st.stm32cube.ide.mcu.externaltools.gnu-tools-for-stm32.7-2018-q2-update.win32_1.0.0.201904181610/tools/bin/../lib/gcc/arm-none-eabi/7.3.1/../../../../arm-none-eabi/lib/thumb/v7-m\libc_nano.a(lib_a-exit.o)
                              c:/st/stm32cubeide_1.3.0/stm32cubeide/plugins/com.st.stm32cube.ide.mcu.externaltools.gnu-tools-for-stm32.7-2018-q2-update.win32_1.0.0.201904181610/tools/bin/../lib/gcc/arm-none-eabi/7.3.1/../../../../arm-none-eabi/lib/thumb/v7-m/crt0.o (exit)
c:/st/stm32cubeide_1.3.0/stm32cubeide/plugins/com.st.stm32cube.ide.mcu.externaltools.gnu-tools-for-stm32.7-2018-q2-update.win32_1.0.0.201904181610/tools/bin/../lib/gcc/arm-none-eabi/7.3.1/../../../../arm-none-eabi/lib/thumb/v7-m\libc_nano.a(lib_a-impure.o)
                              c:/st/stm32cubeide_1.3.0/stm32cubeide/plugins/com.st.stm32cube.ide.mcu.externaltools.gnu-tools-for-stm32.7-2018-q2-update.win32_1.0.0.201904181610/tools/bin/../lib/gcc/arm-none-eabi/7.3.1/../../../../arm-none-eabi/lib/thumb/v7-m\libc_nano.a(lib_a-exit.o) (_global_impure_ptr)
c:/st/stm32cubeide_1.3.0/stm32cubeide/plugins/com.st.stm32cube.ide.mcu.externaltools.gnu-tools-for-stm32.7-2018-q2-update.win32_1.0.0.201904181610/tools/bin/../lib/gcc/arm-none-eabi/7.3.1/../../../../arm-none-eabi/lib/thumb/v7-m\libc_nano.a(lib_a-init.o)
                              c:/st/stm32cubeide_1.3.0/stm32cubeide/plugins/com.st.stm32cube.ide.mcu.externaltools.gnu-tools-for-stm32.7-2018-q2-update.win32_1.0.0.201904181610/tools/bin/../lib/gcc/arm-none-eabi/7.3.1/../../../../arm-none-eabi/lib/thumb/v7-m/crt0.o (__libc_init_array)
c:/st/stm32cubeide_1.3.0/stm32cubeide/plugins/com.st.stm32cube.ide.mcu.externaltools.gnu-tools-for-stm32.7-2018-q2-update.win32_1.0.0.201904181610/tools/bin/../lib/gcc/arm-none-eabi/7.3.1/../../../../arm-none-eabi/lib/thumb/v7-m\libc_nano.a(lib_a-memset.o)
                              c:/st/stm32cubeide_1.3.0/stm32cubeide/plugins/com.st.stm32cube.ide.mcu.externaltools.gnu-tools-for-stm32.7-2018-q2-update.win32_1.0.0.201904181610/tools/bin/../lib/gcc/arm-none-eabi/7.3.1/../../../../arm-none-eabi/lib/thumb/v7-m/crt0.o (memset)
c:/st/stm32cubeide_1.3.0/stm32cubeide/plugins/com.st.stm32cube.ide.mcu.externaltools.gnu-tools-for-stm32.7-2018-q2-update.win32_1.0.0.201904181610/tools/bin/../lib/gcc/arm-none-eabi/7.3.1/../../../../arm-none-eabi/lib/thumb/v7-m\libc_nano.a(lib_a-sprintf.o)
                              Src/core/utils/ring_buffer.o (sprintf)
c:/st/stm32cubeide_1.3.0/stm32cubeide/plugins/com.st.stm32cube.ide.mcu.externaltools.gnu-tools-for-stm32.7-2018-q2-update.win32_1.0.0.201904181610/tools/bin/../lib/gcc/arm-none-eabi/7.3.1/../../../../arm-none-eabi/lib/thumb/v7-m\libc_nano.a(lib_a-strlen.o)
                              Src/core/utils/ring_buffer.o (strlen)
c:/st/stm32cubeide_1.3.0/stm32cubeide/plugins/com.st.stm32cube.ide.mcu.externaltools.gnu-tools-for-stm32.7-2018-q2-update.win32_1.0.0.201904181610/tools/bin/../lib/gcc/arm-none-eabi/7.3.1/../../../../arm-none-eabi/lib/thumb/v7-m\libc_nano.a(lib_a-nano-svfprintf.o)
                              c:/st/stm32cubeide_1.3.0/stm32cubeide/plugins/com.st.stm32cube.ide.mcu.externaltools.gnu-tools-for-stm32.7-2018-q2-update.win32_1.0.0.201904181610/tools/bin/../lib/gcc/arm-none-eabi/7.3.1/../../../../arm-none-eabi/lib/thumb/v7-m\libc_nano.a(lib_a-sprintf.o) (_svfprintf_r)
c:/st/stm32cubeide_1.3.0/stm32cubeide/plugins/com.st.stm32cube.ide.mcu.externaltools.gnu-tools-for-stm32.7-2018-q2-update.win32_1.0.0.201904181610/tools/bin/../lib/gcc/arm-none-eabi/7.3.1/../../../../arm-none-eabi/lib/thumb/v7-m\libc_nano.a(lib_a-nano-vfprintf_i.o)
                              c:/st/stm32cubeide_1.3.0/stm32cubeide/plugins/com.st.stm32cube.ide.mcu.externaltools.gnu-tools-for-stm32.7-2018-q2-update.win32_1.0.0.201904181610/tools/bin/../lib/gcc/arm-none-eabi/7.3.1/../../../../arm-none-eabi/lib/thumb/v7-m\libc_nano.a(lib_a-nano-svfprintf.o) (_printf_i)
c:/st/stm32cubeide_1.3.0/stm32cubeide/plugins/com.st.stm32cube.ide.mcu.externaltools.gnu-tools-for-stm32.7-2018-q2-update.win32_1.0.0.201904181610/tools/bin/../lib/gcc/arm-none-eabi/7.3.1/../../../../arm-none-eabi/lib/thumb/v7-m\libc_nano.a(lib_a-memchr-stub.o)
                              c:/st/stm32cubeide_1.3.0/stm32cubeide/plugins/com.st.stm32cube.ide.mcu.externaltools.gnu-tools-for-stm32.7-2018-q2-update.win32_1.0.0.201904181610/tools/bin/../lib/gcc/arm-none-eabi/7.3.1/../../../../arm-none-eabi/lib/thumb/v7-m\libc_nano.a(lib_a-nano-svfprintf.o) (memchr)
[...]
Memory Configuration

Name             Origin             Length             Attributes
RAM              0x0000000020000000 0x0000000000005000 xrw
ROM              0x0000000008000000 0x0000000000010000 xr
*default*        0x0000000000000000 0xffffffffffffffff

Linker script and memory map

LOAD c:/st/stm32cubeide_1.3.0/stm32cubeide/plugins/com.st.stm32cube.ide.mcu.externaltools.gnu-tools-for-stm32.7-2018-q2-update.win32_1.0.0.201904181610/tools/bin/../lib/gcc/arm-none-eabi/7.3.1/thumb/v7-m/crti.o
LOAD c:/st/stm32cubeide_1.3.0/stm32cubeide/plugins/com.st.stm32cube.ide.mcu.externaltools.gnu-tools-for-stm32.7-2018-q2-update.win32_1.0.0.201904181610/tools/bin/../lib/gcc/arm-none-eabi/7.3.1/thumb/v7-m/crtbegin.o
LOAD c:/st/stm32cubeide_1.3.0/stm32cubeide/plugins/com.st.stm32cube.ide.mcu.externaltools.gnu-tools-for-stm32.7-2018-q2-update.win32_1.0.0.201904181610/tools/bin/../lib/gcc/arm-none-eabi/7.3.1/../../../../arm-none-eabi/lib/thumb/v7-m/crt0.o
LOAD Drivers/STM32F1xx_HAL_Driver/Src/Legacy/stm32f1xx_hal_can.o
LOAD Drivers/STM32F1xx_HAL_Driver/Src/stm32f1xx_hal.o
LOAD Drivers/STM32F1xx_HAL_Driver/Src/stm32f1xx_hal_adc.o
LOAD Drivers/STM32F1xx_HAL_Driver/Src/stm32f1xx_hal_adc_ex.o
LOAD Drivers/STM32F1xx_HAL_Driver/Src/stm32f1xx_hal_can.o
LOAD Drivers/STM32F1xx_HAL_Driver/Src/stm32f1xx_hal_cec.o
LOAD Drivers/STM32F1xx_HAL_Driver/Src/stm32f1xx_hal_cortex.o
LOAD Drivers/STM32F1xx_HAL_Driver/Src/stm32f1xx_hal_crc.o
LOAD Drivers/STM32F1xx_HAL_Driver/Src/stm32f1xx_hal_dac.o
LOAD Drivers/STM32F1xx_HAL_Driver/Src/stm32f1xx_hal_dac_ex.o
LOAD Drivers/STM32F1xx_HAL_Driver/Src/stm32f1xx_hal_dma.o
LOAD Drivers/STM32F1xx_HAL_Driver/Src/stm32f1xx_hal_eth.o
LOAD Drivers/STM32F1xx_HAL_Driver/Src/stm32f1xx_hal_exti.o
LOAD Drivers/STM32F1xx_HAL_Driver/Src/stm32f1xx_hal_flash.o
LOAD Drivers/STM32F1xx_HAL_Driver/Src/stm32f1xx_hal_flash_ex.o
LOAD Drivers/STM32F1xx_HAL_Driver/Src/stm32f1xx_hal_gpio.o
LOAD Drivers/STM32F1xx_HAL_Driver/Src/stm32f1xx_hal_gpio_ex.o
LOAD Drivers/STM32F1xx_HAL_Driver/Src/stm32f1xx_hal_hcd.o
LOAD Drivers/STM32F1xx_HAL_Driver/Src/stm32f1xx_hal_i2c.o
LOAD Drivers/STM32F1xx_HAL_Driver/Src/stm32f1xx_hal_i2s.o
LOAD Drivers/STM32F1xx_HAL_Driver/Src/stm32f1xx_hal_irda.o
LOAD Drivers/STM32F1xx_HAL_Driver/Src/stm32f1xx_hal_iwdg.o
LOAD Drivers/STM32F1xx_HAL_Driver/Src/stm32f1xx_hal_mmc.o
LOAD Drivers/STM32F1xx_HAL_Driver/Src/stm32f1xx_hal_msp_template.o
LOAD Drivers/STM32F1xx_HAL_Driver/Src/stm32f1xx_hal_nand.o
LOAD Drivers/STM32F1xx_HAL_Driver/Src/stm32f1xx_hal_nor.o
LOAD Drivers/STM32F1xx_HAL_Driver/Src/stm32f1xx_hal_pccard.o
LOAD Drivers/STM32F1xx_HAL_Driver/Src/stm32f1xx_hal_pcd.o
LOAD Drivers/STM32F1xx_HAL_Driver/Src/stm32f1xx_hal_pcd_ex.o
LOAD Drivers/STM32F1xx_HAL_Driver/Src/stm32f1xx_hal_pwr.o
LOAD Drivers/STM32F1xx_HAL_Driver/Src/stm32f1xx_hal_rcc.o
LOAD Drivers/STM32F1xx_HAL_Driver/Src/stm32f1xx_hal_rcc_ex.o
LOAD Drivers/STM32F1xx_HAL_Driver/Src/stm32f1xx_hal_rtc.o
LOAD Drivers/STM32F1xx_HAL_Driver/Src/stm32f1xx_hal_rtc_ex.o
LOAD Drivers/STM32F1xx_HAL_Driver/Src/stm32f1xx_hal_sd.o
LOAD Drivers/STM32F1xx_HAL_Driver/Src/stm32f1xx_hal_smartcard.o
LOAD Drivers/STM32F1xx_HAL_Driver/Src/stm32f1xx_hal_spi.o
LOAD Drivers/STM32F1xx_HAL_Driver/Src/stm32f1xx_hal_sram.o
LOAD Drivers/STM32F1xx_HAL_Driver/Src/stm32f1xx_hal_tim.o
LOAD Drivers/STM32F1xx_HAL_Driver/Src/stm32f1xx_hal_tim_ex.o
LOAD Drivers/STM32F1xx_HAL_Driver/Src/stm32f1xx_hal_uart.o
LOAD Drivers/STM32F1xx_HAL_Driver/Src/stm32f1xx_hal_usart.o
LOAD Drivers/STM32F1xx_HAL_Driver/Src/stm32f1xx_hal_wwdg.o
LOAD Drivers/STM32F1xx_HAL_Driver/Src/stm32f1xx_ll_adc.o
LOAD Drivers/STM32F1xx_HAL_Driver/Src/stm32f1xx_ll_crc.o
LOAD Drivers/STM32F1xx_HAL_Driver/Src/stm32f1xx_ll_dac.o
LOAD Drivers/STM32F1xx_HAL_Driver/Src/stm32f1xx_ll_dma.o
LOAD Drivers/STM32F1xx_HAL_Driver/Src/stm32f1xx_ll_exti.o
LOAD Drivers/STM32F1xx_HAL_Driver/Src/stm32f1xx_ll_fsmc.o
LOAD Drivers/STM32F1xx_HAL_Driver/Src/stm32f1xx_ll_gpio.o
LOAD Drivers/STM32F1xx_HAL_Driver/Src/stm32f1xx_ll_i2c.o
LOAD Drivers/STM32F1xx_HAL_Driver/Src/stm32f1xx_ll_pwr.o
LOAD Drivers/STM32F1xx_HAL_Driver/Src/stm32f1xx_ll_rcc.o
LOAD Drivers/STM32F1xx_HAL_Driver/Src/stm32f1xx_ll_rtc.o
LOAD Drivers/STM32F1xx_HAL_Driver/Src/stm32f1xx_ll_sdmmc.o
LOAD Drivers/STM32F1xx_HAL_Driver/Src/stm32f1xx_ll_spi.o
LOAD Drivers/STM32F1xx_HAL_Driver/Src/stm32f1xx_ll_tim.o
LOAD Drivers/STM32F1xx_HAL_Driver/Src/stm32f1xx_ll_usart.o
LOAD Drivers/STM32F1xx_HAL_Driver/Src/stm32f1xx_ll_usb.o
LOAD Drivers/STM32F1xx_HAL_Driver/Src/stm32f1xx_ll_utils.o
LOAD Src/core/portable/hal/stm32f103c8tx/system_stm32f1xx.o
LOAD Src/core/portable/hal/stm32f103c8tx/wrappers/clock_hal.o
LOAD Src/core/portable/hal/stm32f103c8tx/wrappers/gpio_hal.o
LOAD Src/core/portable/hal/stm32f103c8tx/wrappers/hal.o
LOAD Src/core/portable/hal/stm32f103c8tx/wrappers/interrupt_hal.o
LOAD Src/core/utils/data_handler.o
LOAD Src/core/utils/ring_buffer.o
LOAD Src/main.o
LOAD Src/syscalls.o
LOAD Src/sysmem.o
LOAD Startup/startup_stm32f103c8tx.o
START GROUP
LOAD c:/st/stm32cubeide_1.3.0/stm32cubeide/plugins/com.st.stm32cube.ide.mcu.externaltools.gnu-tools-for-stm32.7-2018-q2-update.win32_1.0.0.201904181610/tools/bin/../lib/gcc/arm-none-eabi/7.3.1/../../../../arm-none-eabi/lib/thumb/v7-m\libc_nano.a
LOAD c:/st/stm32cubeide_1.3.0/stm32cubeide/plugins/com.st.stm32cube.ide.mcu.externaltools.gnu-tools-for-stm32.7-2018-q2-update.win32_1.0.0.201904181610/tools/bin/../lib/gcc/arm-none-eabi/7.3.1/../../../../arm-none-eabi/lib/thumb/v7-m\libm.a
END GROUP
START GROUP
LOAD c:/st/stm32cubeide_1.3.0/stm32cubeide/plugins/com.st.stm32cube.ide.mcu.externaltools.gnu-tools-for-stm32.7-2018-q2-update.win32_1.0.0.201904181610/tools/bin/../lib/gcc/arm-none-eabi/7.3.1/thumb/v7-m\libgcc.a
LOAD c:/st/stm32cubeide_1.3.0/stm32cubeide/plugins/com.st.stm32cube.ide.mcu.externaltools.gnu-tools-for-stm32.7-2018-q2-update.win32_1.0.0.201904181610/tools/bin/../lib/gcc/arm-none-eabi/7.3.1/../../../../arm-none-eabi/lib/thumb/v7-m\libc_nano.a
END GROUP
START GROUP
LOAD c:/st/stm32cubeide_1.3.0/stm32cubeide/plugins/com.st.stm32cube.ide.mcu.externaltools.gnu-tools-for-stm32.7-2018-q2-update.win32_1.0.0.201904181610/tools/bin/../lib/gcc/arm-none-eabi/7.3.1/thumb/v7-m\libgcc.a
LOAD c:/st/stm32cubeide_1.3.0/stm32cubeide/plugins/com.st.stm32cube.ide.mcu.externaltools.gnu-tools-for-stm32.7-2018-q2-update.win32_1.0.0.201904181610/tools/bin/../lib/gcc/arm-none-eabi/7.3.1/../../../../arm-none-eabi/lib/thumb/v7-m\libc_nano.a
LOAD c:/st/stm32cubeide_1.3.0/stm32cubeide/plugins/com.st.stm32cube.ide.mcu.externaltools.gnu-tools-for-stm32.7-2018-q2-update.win32_1.0.0.201904181610/tools/bin/../lib/gcc/arm-none-eabi/7.3.1/../../../../arm-none-eabi/lib/thumb/v7-m\libnosys.a
END GROUP
START GROUP
LOAD c:/st/stm32cubeide_1.3.0/stm32cubeide/plugins/com.st.stm32cube.ide.mcu.externaltools.gnu-tools-for-stm32.7-2018-q2-update.win32_1.0.0.201904181610/tools/bin/../lib/gcc/arm-none-eabi/7.3.1/thumb/v7-m\libgcc.a
LOAD c:/st/stm32cubeide_1.3.0/stm32cubeide/plugins/com.st.stm32cube.ide.mcu.externaltools.gnu-tools-for-stm32.7-2018-q2-update.win32_1.0.0.201904181610/tools/bin/../lib/gcc/arm-none-eabi/7.3.1/../../../../arm-none-eabi/lib/thumb/v7-m\libc_nano.a
LOAD c:/st/stm32cubeide_1.3.0/stm32cubeide/plugins/com.st.stm32cube.ide.mcu.externaltools.gnu-tools-for-stm32.7-2018-q2-update.win32_1.0.0.201904181610/tools/bin/../lib/gcc/arm-none-eabi/7.3.1/../../../../arm-none-eabi/lib/thumb/v7-m\libnosys.a
END GROUP
LOAD c:/st/stm32cubeide_1.3.0/stm32cubeide/plugins/com.st.stm32cube.ide.mcu.externaltools.gnu-tools-for-stm32.7-2018-q2-update.win32_1.0.0.201904181610/tools/bin/../lib/gcc/arm-none-eabi/7.3.1/thumb/v7-m/crtend.o
LOAD c:/st/stm32cubeide_1.3.0/stm32cubeide/plugins/com.st.stm32cube.ide.mcu.externaltools.gnu-tools-for-stm32.7-2018-q2-update.win32_1.0.0.201904181610/tools/bin/../lib/gcc/arm-none-eabi/7.3.1/thumb/v7-m/crtn.o
                0x0000000020005000                _estack = (ORIGIN (RAM) + LENGTH (RAM))
                0x0000000000000200                _Min_Heap_Size = 0x200
                0x0000000000000400                _Min_Stack_Size = 0x400

.isr_vector     0x0000000008000000      0x130
                0x0000000008000000                . = ALIGN (0x4)
 *(.isr_vector)
 .isr_vector    0x0000000008000000      0x130 Startup/startup_stm32f103c8tx.o
                0x0000000008000000                g_pfnVectors
                0x0000000008000130                . = ALIGN (0x4)

.text           0x0000000008000130      0xba4
                0x0000000008000130                . = ALIGN (0x4)
 *(.text)
 .text          0x0000000008000130       0x40 c:/st/stm32cubeide_1.3.0/stm32cubeide/plugins/com.st.stm32cube.ide.mcu.externaltools.gnu-tools-for-stm32.7-2018-q2-update.win32_1.0.0.201904181610/tools/bin/../lib/gcc/arm-none-eabi/7.3.1/thumb/v7-m/crtbegin.o
 *(.text*)
 .text.HAL_Init
                0x0000000008000170       0x2c Drivers/STM32F1xx_HAL_Driver/Src/stm32f1xx_hal.o
                0x0000000008000170                HAL_Init
 .text.HAL_InitTick
                0x000000000800019c       0x60 Drivers/STM32F1xx_HAL_Driver/Src/stm32f1xx_hal.o
                0x000000000800019c                HAL_InitTick
 .text.__NVIC_SetPriorityGrouping
                0x00000000080001fc       0x48 Drivers/STM32F1xx_HAL_Driver/Src/stm32f1xx_hal_cortex.o
 .text.__NVIC_GetPriorityGrouping
                0x0000000008000244       0x1c Drivers/STM32F1xx_HAL_Driver/Src/stm32f1xx_hal_cortex.o
 .text.__NVIC_SetPriority
                0x0000000008000260       0x54 Drivers/STM32F1xx_HAL_Driver/Src/stm32f1xx_hal_cortex.o
 .text.NVIC_EncodePriority
                0x00000000080002b4       0x64 Drivers/STM32F1xx_HAL_Driver/Src/stm32f1xx_hal_cortex.o
 .text.SysTick_Config
                0x0000000008000318       0x44 Drivers/STM32F1xx_HAL_Driver/Src/stm32f1xx_hal_cortex.o
 .text.HAL_NVIC_SetPriorityGrouping
                0x000000000800035c       0x16 Drivers/STM32F1xx_HAL_Driver/Src/stm32f1xx_hal_cortex.o
                0x000000000800035c                HAL_NVIC_SetPriorityGrouping
 .text.HAL_NVIC_SetPriority
                0x0000000008000372       0x38 Drivers/STM32F1xx_HAL_Driver/Src/stm32f1xx_hal_cortex.o
                0x0000000008000372                HAL_NVIC_SetPriority
 .text.HAL_SYSTICK_Config
                0x00000000080003aa       0x18 Drivers/STM32F1xx_HAL_Driver/Src/stm32f1xx_hal_cortex.o
                0x00000000080003aa                HAL_SYSTICK_Config
 *fill*         0x00000000080003c2        0x2 
 .text.HAL_GPIO_Init
                0x00000000080003c4      0x2b4 Drivers/STM32F1xx_HAL_Driver/Src/stm32f1xx_hal_gpio.o
                0x00000000080003c4                HAL_GPIO_Init
 .text.HAL_GPIO_DeInit
                0x0000000008000678      0x178 Drivers/STM32F1xx_HAL_Driver/Src/stm32f1xx_hal_gpio.o
                0x0000000008000678                HAL_GPIO_DeInit
 .text.HAL_GPIO_WritePin
                0x00000000080007f0       0x30 Drivers/STM32F1xx_HAL_Driver/Src/stm32f1xx_hal_gpio.o
                0x00000000080007f0                HAL_GPIO_WritePin
 .text.HAL_MspInit
                0x0000000008000820        0xc Drivers/STM32F1xx_HAL_Driver/Src/stm32f1xx_hal_msp_template.o
                0x0000000008000820                HAL_MspInit
 .text.SystemInit
                0x000000000800082c       0x68 Src/core/portable/hal/stm32f103c8tx/system_stm32f1xx.o
                0x000000000800082c                SystemInit
 .text.Gpio_hal_set_value
                0x0000000008000894       0x58 Src/core/portable/hal/stm32f103c8tx/wrappers/gpio_hal.o
                0x0000000008000894                Gpio_hal_set_value
 .text.Gpio_hal_init
                0x00000000080008ec      0x228 Src/core/portable/hal/stm32f103c8tx/wrappers/gpio_hal.o
                0x00000000080008ec                Gpio_hal_init
 .text.Core_hal_init
                0x0000000008000b14       0x68 Src/core/portable/hal/stm32f103c8tx/wrappers/hal.o
                0x0000000008000b14                Core_hal_init
 .text.I2C1_EV_IRQHandler
                0x0000000008000b7c       0x14 Src/core/portable/hal/stm32f103c8tx/wrappers/interrupt_hal.o
                0x0000000008000b7c                I2C1_EV_IRQHandler
 .text.I2C1_ER_IRQHandler
                0x0000000008000b90       0x14 Src/core/portable/hal/stm32f103c8tx/wrappers/interrupt_hal.o
                0x0000000008000b90                I2C1_ER_IRQHandler
 .text.NMI_Handler
                0x0000000008000ba4        0xc Src/core/portable/hal/stm32f103c8tx/wrappers/interrupt_hal.o
                0x0000000008000ba4                NMI_Handler
 .text.HardFault_Handler
                0x0000000008000bb0        0x6 Src/core/portable/hal/stm32f103c8tx/wrappers/interrupt_hal.o
                0x0000000008000bb0                HardFault_Handler
 .text.MemManage_Handler
                0x0000000008000bb6        0x6 Src/core/portable/hal/stm32f103c8tx/wrappers/interrupt_hal.o
                0x0000000008000bb6                MemManage_Handler
 .text.BusFault_Handler
                0x0000000008000bbc        0x6 Src/core/portable/hal/stm32f103c8tx/wrappers/interrupt_hal.o
                0x0000000008000bbc                BusFault_Handler
 .text.UsageFault_Handler
                0x0000000008000bc2        0x6 Src/core/portable/hal/stm32f103c8tx/wrappers/interrupt_hal.o
                0x0000000008000bc2                UsageFault_Handler
 .text.SVC_Handler
                0x0000000008000bc8        0xc Src/core/portable/hal/stm32f103c8tx/wrappers/interrupt_hal.o
                0x0000000008000bc8                SVC_Handler
 .text.DebugMon_Handler
                0x0000000008000bd4        0xc Src/core/portable/hal/stm32f103c8tx/wrappers/interrupt_hal.o
                0x0000000008000bd4                DebugMon_Handler
 .text.PendSV_Handler
                0x0000000008000be0        0xc Src/core/portable/hal/stm32f103c8tx/wrappers/interrupt_hal.o
                0x0000000008000be0                PendSV_Handler
 .text.SysTick_Handler
                0x0000000008000bec        0xc Src/core/portable/hal/stm32f103c8tx/wrappers/interrupt_hal.o
                0x0000000008000bec                SysTick_Handler
 .text.main     0x0000000008000bf8       0x28 Src/main.o
                0x0000000008000bf8                main
 .text.Reset_Handler
                0x0000000008000c20       0x50 Startup/startup_stm32f103c8tx.o
                0x0000000008000c20                Reset_Handler
 .text.Default_Handler
                0x0000000008000c70        0x2 Startup/startup_stm32f103c8tx.o
                0x0000000008000c70                EXTI2_IRQHandler
                0x0000000008000c70                TIM8_TRG_COM_IRQHandler
                0x0000000008000c70                TIM8_CC_IRQHandler
                0x0000000008000c70                TIM1_CC_IRQHandler
                0x0000000008000c70                TIM6_IRQHandler
                0x0000000008000c70                PVD_IRQHandler
                0x0000000008000c70                SDIO_IRQHandler
                0x0000000008000c70                EXTI3_IRQHandler
                0x0000000008000c70                USB_HP_CAN_TX_IRQHandler
                0x0000000008000c70                EXTI0_IRQHandler
                0x0000000008000c70                I2C2_EV_IRQHandler
                0x0000000008000c70                ADC1_2_IRQHandler
                0x0000000008000c70                SPI1_IRQHandler
                0x0000000008000c70                CAN_SCE_IRQHandler
                0x0000000008000c70                TAMPER_IRQHandler
                0x0000000008000c70                TIM8_UP_IRQHandler
                0x0000000008000c70                DMA2_Channel2_IRQHandler
                0x0000000008000c70                DMA1_Channel4_IRQHandler
                0x0000000008000c70                USART3_IRQHandler
                0x0000000008000c70                RTC_IRQHandler
                0x0000000008000c70                DMA1_Channel7_IRQHandler
                0x0000000008000c70                UART5_IRQHandler
                0x0000000008000c70                ADC3_IRQHandler
                0x0000000008000c70                TIM4_IRQHandler
                0x0000000008000c70                CAN_RX1_IRQHandler
                0x0000000008000c70                DMA2_Channel1_IRQHandler
                0x0000000008000c70                DMA1_Channel6_IRQHandler
                0x0000000008000c70                UART4_IRQHandler
                0x0000000008000c70                TIM3_IRQHandler
                0x0000000008000c70                RCC_IRQHandler
                0x0000000008000c70                TIM1_TRG_COM_IRQHandler
                0x0000000008000c70                DMA1_Channel1_IRQHandler
                0x0000000008000c70                Default_Handler
                0x0000000008000c70                EXTI15_10_IRQHandler
                0x0000000008000c70                TIM7_IRQHandler
                0x0000000008000c70                TIM5_IRQHandler
                0x0000000008000c70                EXTI9_5_IRQHandler
                0x0000000008000c70                SPI2_IRQHandler
                0x0000000008000c70                USB_LP_CAN_RX0_IRQHandler
                0x0000000008000c70                DMA1_Channel5_IRQHandler
                0x0000000008000c70                EXTI4_IRQHandler
                0x0000000008000c70                DMA1_Channel3_IRQHandler
                0x0000000008000c70                FSMC_IRQHandler
                0x0000000008000c70                TIM1_UP_IRQHandler
                0x0000000008000c70                WWDG_IRQHandler
                0x0000000008000c70                TIM2_IRQHandler
                0x0000000008000c70                TIM1_BRK_IRQHandler
                0x0000000008000c70                EXTI1_IRQHandler
                0x0000000008000c70                RTCAlarm_IRQHandler
                0x0000000008000c70                DMA2_Channel4_5_IRQHandler
                0x0000000008000c70                USART2_IRQHandler
                0x0000000008000c70                I2C2_ER_IRQHandler
                0x0000000008000c70                DMA1_Channel2_IRQHandler
                0x0000000008000c70                TIM8_BRK_IRQHandler
                0x0000000008000c70                FLASH_IRQHandler
                0x0000000008000c70                USART1_IRQHandler
                0x0000000008000c70                SPI3_IRQHandler
                0x0000000008000c70                DMA2_Channel3_IRQHandler
 *fill*         0x0000000008000c72        0x2 
 .text.__libc_init_array
                0x0000000008000c74       0x48 c:/st/stm32cubeide_1.3.0/stm32cubeide/plugins/com.st.stm32cube.ide.mcu.externaltools.gnu-tools-for-stm32.7-2018-q2-update.win32_1.0.0.201904181610/tools/bin/../lib/gcc/arm-none-eabi/7.3.1/../../../../arm-none-eabi/lib/thumb/v7-m\libc_nano.a(lib_a-init.o)
                0x0000000008000c74                __libc_init_array
 *(.glue_7)
 .glue_7        0x0000000008000cbc        0x0 linker stubs
 *(.glue_7t)
 .glue_7t       0x0000000008000cbc        0x0 linker stubs
 *(.eh_frame)
 .eh_frame      0x0000000008000cbc        0x0 c:/st/stm32cubeide_1.3.0/stm32cubeide/plugins/com.st.stm32cube.ide.mcu.externaltools.gnu-tools-for-stm32.7-2018-q2-update.win32_1.0.0.201904181610/tools/bin/../lib/gcc/arm-none-eabi/7.3.1/thumb/v7-m/crtbegin.o
 *(.init)
 .init          0x0000000008000cbc        0x4 c:/st/stm32cubeide_1.3.0/stm32cubeide/plugins/com.st.stm32cube.ide.mcu.externaltools.gnu-tools-for-stm32.7-2018-q2-update.win32_1.0.0.201904181610/tools/bin/../lib/gcc/arm-none-eabi/7.3.1/thumb/v7-m/crti.o
                0x0000000008000cbc                _init
 .init          0x0000000008000cc0        0x8 c:/st/stm32cubeide_1.3.0/stm32cubeide/plugins/com.st.stm32cube.ide.mcu.externaltools.gnu-tools-for-stm32.7-2018-q2-update.win32_1.0.0.201904181610/tools/bin/../lib/gcc/arm-none-eabi/7.3.1/thumb/v7-m/crtn.o
 *(.fini)
 .fini          0x0000000008000cc8        0x4 c:/st/stm32cubeide_1.3.0/stm32cubeide/plugins/com.st.stm32cube.ide.mcu.externaltools.gnu-tools-for-stm32.7-2018-q2-update.win32_1.0.0.201904181610/tools/bin/../lib/gcc/arm-none-eabi/7.3.1/thumb/v7-m/crti.o
                0x0000000008000cc8                _fini
 .fini          0x0000000008000ccc        0x8 c:/st/stm32cubeide_1.3.0/stm32cubeide/plugins/com.st.stm32cube.ide.mcu.externaltools.gnu-tools-for-stm32.7-2018-q2-update.win32_1.0.0.201904181610/tools/bin/../lib/gcc/arm-none-eabi/7.3.1/thumb/v7-m/crtn.o
                0x0000000008000cd4                . = ALIGN (0x4)
                0x0000000008000cd4                _etext = .

.vfp11_veneer   0x0000000008000cd4        0x0
 .vfp11_veneer  0x0000000008000cd4        0x0 linker stubs

.v4_bx          0x0000000008000cd4        0x0
 .v4_bx         0x0000000008000cd4        0x0 linker stubs

.iplt           0x0000000008000cd4        0x0
 .iplt          0x0000000008000cd4        0x0 c:/st/stm32cubeide_1.3.0/stm32cubeide/plugins/com.st.stm32cube.ide.mcu.externaltools.gnu-tools-for-stm32.7-2018-q2-update.win32_1.0.0.201904181610/tools/bin/../lib/gcc/arm-none-eabi/7.3.1/thumb/v7-m/crtbegin.o

.rel.dyn        0x0000000008000cd4        0x0
 .rel.iplt      0x0000000008000cd4        0x0 c:/st/stm32cubeide_1.3.0/stm32cubeide/plugins/com.st.stm32cube.ide.mcu.externaltools.gnu-tools-for-stm32.7-2018-q2-update.win32_1.0.0.201904181610/tools/bin/../lib/gcc/arm-none-eabi/7.3.1/thumb/v7-m/crtbegin.o

.rodata         0x0000000008000cd4        0x0
                0x0000000008000cd4                . = ALIGN (0x4)
 *(.rodata)
 *(.rodata*)
                0x0000000008000cd4                . = ALIGN (0x4)

.ARM.extab      0x0000000008000cd4        0x0
                0x0000000008000cd4                . = ALIGN (0x4)
 *(.ARM.extab* .gnu.linkonce.armextab.*)
                0x0000000008000cd4                . = ALIGN (0x4)

.ARM            0x0000000008000cd4        0x0
                0x0000000008000cd4                . = ALIGN (0x4)
                0x0000000008000cd4                __exidx_start = .
 *(.ARM.exidx*)
                0x0000000008000cd4                __exidx_end = .
                0x0000000008000cd4                . = ALIGN (0x4)

.preinit_array  0x0000000008000cd4        0x0
                0x0000000008000cd4                . = ALIGN (0x4)
                0x0000000008000cd4                PROVIDE (__preinit_array_start = .)
 *(.preinit_array*)
                0x0000000008000cd4                PROVIDE (__preinit_array_end = .)
                0x0000000008000cd4                . = ALIGN (0x4)

.init_array     0x0000000008000cd4        0x4
                0x0000000008000cd4                . = ALIGN (0x4)
                0x0000000008000cd4                PROVIDE (__init_array_start = .)
 *(SORT_BY_NAME(.init_array.*))
 *(.init_array*)
 .init_array    0x0000000008000cd4        0x4 c:/st/stm32cubeide_1.3.0/stm32cubeide/plugins/com.st.stm32cube.ide.mcu.externaltools.gnu-tools-for-stm32.7-2018-q2-update.win32_1.0.0.201904181610/tools/bin/../lib/gcc/arm-none-eabi/7.3.1/thumb/v7-m/crtbegin.o
                0x0000000008000cd8                PROVIDE (__init_array_end = .)
                0x0000000008000cd8                . = ALIGN (0x4)

.fini_array     0x0000000008000cd8        0x4
                0x0000000008000cd8                . = ALIGN (0x4)
                [!provide]                        PROVIDE (__fini_array_start = .)
 *(SORT_BY_NAME(.fini_array.*))
 *(.fini_array*)
 .fini_array    0x0000000008000cd8        0x4 c:/st/stm32cubeide_1.3.0/stm32cubeide/plugins/com.st.stm32cube.ide.mcu.externaltools.gnu-tools-for-stm32.7-2018-q2-update.win32_1.0.0.201904181610/tools/bin/../lib/gcc/arm-none-eabi/7.3.1/thumb/v7-m/crtbegin.o
                [!provide]                        PROVIDE (__fini_array_end = .)
                0x0000000008000cdc                . = ALIGN (0x4)
                0x0000000008000cdc                _sidata = LOADADDR (.data)

.data           0x0000000020000000       0x24 load address 0x0000000008000cdc
                0x0000000020000000                . = ALIGN (0x4)
                0x0000000020000000                _sdata = .
 *(.data)
 *(.data*)
 .data.uwTickPrio
                0x0000000020000000        0x4 Drivers/STM32F1xx_HAL_Driver/Src/stm32f1xx_hal.o
                0x0000000020000000                uwTickPrio
 .data.uwTickFreq
                0x0000000020000004        0x1 Drivers/STM32F1xx_HAL_Driver/Src/stm32f1xx_hal.o
                0x0000000020000004                uwTickFreq
 *fill*         0x0000000020000005        0x3 
 .data.SystemCoreClock
                0x0000000020000008        0x4 Src/core/portable/hal/stm32f103c8tx/system_stm32f1xx.o
                0x0000000020000008                SystemCoreClock
 .data.gpio_hal_conf
                0x000000002000000c       0x18 Src/main.o
                0x000000002000000c                gpio_hal_conf
                0x0000000020000024                . = ALIGN (0x4)
                0x0000000020000024                _edata = .

.igot.plt       0x0000000020000024        0x0 load address 0x0000000008000d00
 .igot.plt      0x0000000020000024        0x0 c:/st/stm32cubeide_1.3.0/stm32cubeide/plugins/com.st.stm32cube.ide.mcu.externaltools.gnu-tools-for-stm32.7-2018-q2-update.win32_1.0.0.201904181610/tools/bin/../lib/gcc/arm-none-eabi/7.3.1/thumb/v7-m/crtbegin.o
                0x0000000020000024                . = ALIGN (0x4)

.bss            0x0000000020000024       0xf4 load address 0x0000000008000d00
                0x0000000020000024                _sbss = .
                0x0000000020000024                __bss_start__ = _sbss
 *(.bss)
 .bss           0x0000000020000024       0x1c c:/st/stm32cubeide_1.3.0/stm32cubeide/plugins/com.st.stm32cube.ide.mcu.externaltools.gnu-tools-for-stm32.7-2018-q2-update.win32_1.0.0.201904181610/tools/bin/../lib/gcc/arm-none-eabi/7.3.1/thumb/v7-m/crtbegin.o
 *(.bss*)
 .bss.total_pins
                0x0000000020000040        0x4 Src/core/portable/hal/stm32f103c8tx/wrappers/gpio_hal.o
                0x0000000020000040                total_pins
 *(COMMON)
 COMMON         0x0000000020000044        0x4 Src/core/portable/hal/stm32f103c8tx/wrappers/gpio_hal.o
                0x0000000020000044                gpio_hal_cfg_buff
 COMMON         0x0000000020000048       0xd0 Src/core/portable/hal/stm32f103c8tx/wrappers/interrupt_hal.o
                0x0000000020000048                isr_pt_array
                0x0000000020000118                . = ALIGN (0x4)
                0x0000000020000118                _ebss = .
                0x0000000020000118                __bss_end__ = _ebss

._user_heap_stack
                0x0000000020000118      0x600 load address 0x0000000008000d00
                0x0000000020000118                . = ALIGN (0x8)
                0x0000000020000118                PROVIDE (end = .)
                [!provide]                        PROVIDE (_end = .)
                0x0000000020000318                . = (. + _Min_Heap_Size)
 *fill*         0x0000000020000118      0x200 
                0x0000000020000718                . = (. + _Min_Stack_Size)
 *fill*         0x0000000020000318      0x400 
                0x0000000020000718                . = ALIGN (0x8)

/DISCARD/
 libc.a(*)
 libm.a(*)
 libgcc.a(*)

.ARM.attributes
                0x0000000000000000       0x29
 *(.ARM.attributes)
 .ARM.attributes
                0x0000000000000000       0x1d c:/st/stm32cubeide_1.3.0/stm32cubeide/plugins/com.st.stm32cube.ide.mcu.externaltools.gnu-tools-for-stm32.7-2018-q2-update.win32_1.0.0.201904181610/tools/bin/../lib/gcc/arm-none-eabi/7.3.1/thumb/v7-m/crti.o
 .ARM.attributes
                0x000000000000001d       0x2d c:/st/stm32cubeide_1.3.0/stm32cubeide/plugins/com.st.stm32cube.ide.mcu.externaltools.gnu-tools-for-stm32.7-2018-q2-update.win32_1.0.0.201904181610/tools/bin/../lib/gcc/arm-none-eabi/7.3.1/thumb/v7-m/crtbegin.o
 .ARM.attributes
                0x000000000000004a       0x33 Drivers/STM32F1xx_HAL_Driver/Src/stm32f1xx_hal.o
 .ARM.attributes
                0x000000000000007d       0x33 Drivers/STM32F1xx_HAL_Driver/Src/stm32f1xx_hal_cortex.o
 .ARM.attributes
                0x00000000000000b0       0x33 Drivers/STM32F1xx_HAL_Driver/Src/stm32f1xx_hal_gpio.o
 .ARM.attributes
                0x00000000000000e3       0x33 Drivers/STM32F1xx_HAL_Driver/Src/stm32f1xx_hal_msp_template.o
 .ARM.attributes
                0x0000000000000116       0x33 Src/core/portable/hal/stm32f103c8tx/system_stm32f1xx.o
 .ARM.attributes
                0x0000000000000149       0x33 Src/core/portable/hal/stm32f103c8tx/wrappers/gpio_hal.o
 .ARM.attributes
                0x000000000000017c       0x33 Src/core/portable/hal/stm32f103c8tx/wrappers/hal.o
 .ARM.attributes
                0x00000000000001af       0x33 Src/core/portable/hal/stm32f103c8tx/wrappers/interrupt_hal.o
 .ARM.attributes
                0x00000000000001e2       0x33 Src/main.o
 .ARM.attributes
                0x0000000000000215       0x21 Startup/startup_stm32f103c8tx.o
 .ARM.attributes
                0x0000000000000236       0x2d c:/st/stm32cubeide_1.3.0/stm32cubeide/plugins/com.st.stm32cube.ide.mcu.externaltools.gnu-tools-for-stm32.7-2018-q2-update.win32_1.0.0.201904181610/tools/bin/../lib/gcc/arm-none-eabi/7.3.1/../../../../arm-none-eabi/lib/thumb/v7-m\libc_nano.a(lib_a-init.o)
 .ARM.attributes
                0x0000000000000263       0x1d c:/st/stm32cubeide_1.3.0/stm32cubeide/plugins/com.st.stm32cube.ide.mcu.externaltools.gnu-tools-for-stm32.7-2018-q2-update.win32_1.0.0.201904181610/tools/bin/../lib/gcc/arm-none-eabi/7.3.1/thumb/v7-m/crtn.o
OUTPUT(core_template.elf elf32-littlearm)

.debug_info     0x0000000000000000     0x4f64
 .debug_info    0x0000000000000000      0x6fe Drivers/STM32F1xx_HAL_Driver/Src/stm32f1xx_hal.o
 .debug_info    0x00000000000006fe      0xb46 Drivers/STM32F1xx_HAL_Driver/Src/stm32f1xx_hal_cortex.o
 .debug_info    0x0000000000001244      0x681 Drivers/STM32F1xx_HAL_Driver/Src/stm32f1xx_hal_gpio.o
 .debug_info    0x00000000000018c5      0x1a5 Drivers/STM32F1xx_HAL_Driver/Src/stm32f1xx_hal_msp_template.o
 .debug_info    0x0000000000001a6a      0x433 Src/core/portable/hal/stm32f103c8tx/system_stm32f1xx.o
 .debug_info    0x0000000000001e9d      0xdf4 Src/core/portable/hal/stm32f103c8tx/wrappers/gpio_hal.o
 .debug_info    0x0000000000002c91      0xae8 Src/core/portable/hal/stm32f103c8tx/wrappers/hal.o
 .debug_info    0x0000000000003779      0xc67 Src/core/portable/hal/stm32f103c8tx/wrappers/interrupt_hal.o
 .debug_info    0x00000000000043e0      0xb62 Src/main.o
 .debug_info    0x0000000000004f42       0x22 Startup/startup_stm32f103c8tx.o

.debug_abbrev   0x0000000000000000     0x10f5
 .debug_abbrev  0x0000000000000000      0x1d8 Drivers/STM32F1xx_HAL_Driver/Src/stm32f1xx_hal.o
 .debug_abbrev  0x00000000000001d8      0x2d5 Drivers/STM32F1xx_HAL_Driver/Src/stm32f1xx_hal_cortex.o
 .debug_abbrev  0x00000000000004ad      0x1c0 Drivers/STM32F1xx_HAL_Driver/Src/stm32f1xx_hal_gpio.o
 .debug_abbrev  0x000000000000066d       0xae Drivers/STM32F1xx_HAL_Driver/Src/stm32f1xx_hal_msp_template.o
 .debug_abbrev  0x000000000000071b      0x134 Src/core/portable/hal/stm32f103c8tx/system_stm32f1xx.o
 .debug_abbrev  0x000000000000084f      0x276 Src/core/portable/hal/stm32f103c8tx/wrappers/gpio_hal.o
 .debug_abbrev  0x0000000000000ac5      0x1c5 Src/core/portable/hal/stm32f103c8tx/wrappers/hal.o
 .debug_abbrev  0x0000000000000c8a      0x2a3 Src/core/portable/hal/stm32f103c8tx/wrappers/interrupt_hal.o
 .debug_abbrev  0x0000000000000f2d      0x1b6 Src/main.o
 .debug_abbrev  0x00000000000010e3       0x12 Startup/startup_stm32f103c8tx.o

.debug_aranges  0x0000000000000000      0x3f0
 .debug_aranges
                0x0000000000000000       0xe0 Drivers/STM32F1xx_HAL_Driver/Src/stm32f1xx_hal.o
 .debug_aranges
                0x00000000000000e0      0x100 Drivers/STM32F1xx_HAL_Driver/Src/stm32f1xx_hal_cortex.o
 .debug_aranges
                0x00000000000001e0       0x58 Drivers/STM32F1xx_HAL_Driver/Src/stm32f1xx_hal_gpio.o
 .debug_aranges
                0x0000000000000238       0x38 Drivers/STM32F1xx_HAL_Driver/Src/stm32f1xx_hal_msp_template.o
 .debug_aranges
                0x0000000000000270       0x28 Src/core/portable/hal/stm32f103c8tx/system_stm32f1xx.o
 .debug_aranges
                0x0000000000000298       0x48 Src/core/portable/hal/stm32f103c8tx/wrappers/gpio_hal.o
 .debug_aranges
                0x00000000000002e0       0x20 Src/core/portable/hal/stm32f103c8tx/wrappers/hal.o
 .debug_aranges
                0x0000000000000300       0xa8 Src/core/portable/hal/stm32f103c8tx/wrappers/interrupt_hal.o
 .debug_aranges
                0x00000000000003a8       0x20 Src/main.o
 .debug_aranges
                0x00000000000003c8       0x28 Startup/startup_stm32f103c8tx.o

.debug_ranges   0x0000000000000000      0x358
 .debug_ranges  0x0000000000000000       0xd0 Drivers/STM32F1xx_HAL_Driver/Src/stm32f1xx_hal.o
 .debug_ranges  0x00000000000000d0       0xf0 Drivers/STM32F1xx_HAL_Driver/Src/stm32f1xx_hal_cortex.o
 .debug_ranges  0x00000000000001c0       0x48 Drivers/STM32F1xx_HAL_Driver/Src/stm32f1xx_hal_gpio.o
 .debug_ranges  0x0000000000000208       0x28 Drivers/STM32F1xx_HAL_Driver/Src/stm32f1xx_hal_msp_template.o
 .debug_ranges  0x0000000000000230       0x18 Src/core/portable/hal/stm32f103c8tx/system_stm32f1xx.o
 .debug_ranges  0x0000000000000248       0x38 Src/core/portable/hal/stm32f103c8tx/wrappers/gpio_hal.o
 .debug_ranges  0x0000000000000280       0x10 Src/core/portable/hal/stm32f103c8tx/wrappers/hal.o
 .debug_ranges  0x0000000000000290       0x98 Src/core/portable/hal/stm32f103c8tx/wrappers/interrupt_hal.o
 .debug_ranges  0x0000000000000328       0x10 Src/main.o
 .debug_ranges  0x0000000000000338       0x20 Startup/startup_stm32f103c8tx.o

.debug_macro    0x0000000000000000     0x190a
 .debug_macro   0x0000000000000000      0x19f Drivers/STM32F1xx_HAL_Driver/Src/stm32f1xx_hal.o
 .debug_macro   0x000000000000019f      0x17b Drivers/STM32F1xx_HAL_Driver/Src/stm32f1xx_hal_cortex.o
 .debug_macro   0x000000000000031a      0x1e6 Drivers/STM32F1xx_HAL_Driver/Src/stm32f1xx_hal_gpio.o
 .debug_macro   0x0000000000000500      0x17b Drivers/STM32F1xx_HAL_Driver/Src/stm32f1xx_hal_msp_template.o
 .debug_macro   0x000000000000067b      0x181 Src/core/portable/hal/stm32f103c8tx/system_stm32f1xx.o
 .debug_macro   0x00000000000007fc      0x35f Src/core/portable/hal/stm32f103c8tx/wrappers/gpio_hal.o
 .debug_macro   0x0000000000000b5b       0x10 Src/core/portable/hal/stm32f103c8tx/wrappers/gpio_hal.o
 .debug_macro   0x0000000000000b6b      0x356 Src/core/portable/hal/stm32f103c8tx/wrappers/hal.o
 .debug_macro   0x0000000000000ec1       0x46 Src/core/portable/hal/stm32f103c8tx/wrappers/hal.o
 .debug_macro   0x0000000000000f07      0x32a Src/core/portable/hal/stm32f103c8tx/wrappers/hal.o
 .debug_macro   0x0000000000001231      0x360 Src/core/portable/hal/stm32f103c8tx/wrappers/interrupt_hal.o
 .debug_macro   0x0000000000001591      0x379 Src/main.o

.debug_line     0x0000000000000000     0x591a
 .debug_line    0x0000000000000000      0x929 Drivers/STM32F1xx_HAL_Driver/Src/stm32f1xx_hal.o
 .debug_line    0x0000000000000929      0xa02 Drivers/STM32F1xx_HAL_Driver/Src/stm32f1xx_hal_cortex.o
 .debug_line    0x000000000000132b      0x929 Drivers/STM32F1xx_HAL_Driver/Src/stm32f1xx_hal_gpio.o
 .debug_line    0x0000000000001c54      0x796 Drivers/STM32F1xx_HAL_Driver/Src/stm32f1xx_hal_msp_template.o
 .debug_line    0x00000000000023ea      0x79c Src/core/portable/hal/stm32f103c8tx/system_stm32f1xx.o
 .debug_line    0x0000000000002b86      0xb5b Src/core/portable/hal/stm32f103c8tx/wrappers/gpio_hal.o
 .debug_line    0x00000000000036e1      0xa91 Src/core/portable/hal/stm32f103c8tx/wrappers/hal.o
 .debug_line    0x0000000000004172      0xc30 Src/core/portable/hal/stm32f103c8tx/wrappers/interrupt_hal.o
 .debug_line    0x0000000000004da2      0xaf4 Src/main.o
 .debug_line    0x0000000000005896       0x84 Startup/startup_stm32f103c8tx.o

.debug_str      0x0000000000000000    0x67f9f
 .debug_str     0x0000000000000000    0x6303c Drivers/STM32F1xx_HAL_Driver/Src/stm32f1xx_hal.o
                                      0x63376 (size before relaxing)
 .debug_str     0x000000000006303c      0x330 Drivers/STM32F1xx_HAL_Driver/Src/stm32f1xx_hal_cortex.o
                                      0x63384 (size before relaxing)
 .debug_str     0x000000000006336c      0x394 Drivers/STM32F1xx_HAL_Driver/Src/stm32f1xx_hal_gpio.o
                                      0x630af (size before relaxing)
 .debug_str     0x0000000000063700       0x63 Drivers/STM32F1xx_HAL_Driver/Src/stm32f1xx_hal_msp_template.o
                                      0x62cd1 (size before relaxing)
 .debug_str     0x0000000000063763       0x89 Src/core/portable/hal/stm32f103c8tx/system_stm32f1xx.o
                                      0x62d80 (size before relaxing)
 .debug_str     0x00000000000637ec     0x4410 Src/core/portable/hal/stm32f103c8tx/wrappers/gpio_hal.o
                                      0x67199 (size before relaxing)
 .debug_str     0x0000000000067bfc       0x44 Src/core/portable/hal/stm32f103c8tx/wrappers/hal.o
                                      0x66f91 (size before relaxing)
 .debug_str     0x0000000000067c40      0x2d8 Src/core/portable/hal/stm32f103c8tx/wrappers/interrupt_hal.o
                                      0x671cf (size before relaxing)
 .debug_str     0x0000000000067f18       0x56 Src/main.o
                                      0x6709f (size before relaxing)
 .debug_str     0x0000000000067f6e       0x31 Startup/startup_stm32f103c8tx.o
                                         0x8c (size before relaxing)

.comment        0x0000000000000000       0x7b
 .comment       0x0000000000000000       0x7b Drivers/STM32F1xx_HAL_Driver/Src/stm32f1xx_hal.o
                                         0x7c (size before relaxing)
 .comment       0x000000000000007b       0x7c Drivers/STM32F1xx_HAL_Driver/Src/stm32f1xx_hal_cortex.o
 .comment       0x000000000000007b       0x7c Drivers/STM32F1xx_HAL_Driver/Src/stm32f1xx_hal_gpio.o
 .comment       0x000000000000007b       0x7c Drivers/STM32F1xx_HAL_Driver/Src/stm32f1xx_hal_msp_template.o
 .comment       0x000000000000007b       0x7c Src/core/portable/hal/stm32f103c8tx/system_stm32f1xx.o
 .comment       0x000000000000007b       0x7c Src/core/portable/hal/stm32f103c8tx/wrappers/gpio_hal.o
 .comment       0x000000000000007b       0x7c Src/core/portable/hal/stm32f103c8tx/wrappers/hal.o
 .comment       0x000000000000007b       0x7c Src/core/portable/hal/stm32f103c8tx/wrappers/interrupt_hal.o
 .comment       0x000000000000007b       0x7c Src/main.o

.debug_frame    0x0000000000000000      0xd54
 .debug_frame   0x0000000000000000      0x334 Drivers/STM32F1xx_HAL_Driver/Src/stm32f1xx_hal.o
 .debug_frame   0x0000000000000334      0x428 Drivers/STM32F1xx_HAL_Driver/Src/stm32f1xx_hal_cortex.o
 .debug_frame   0x000000000000075c      0x14c Drivers/STM32F1xx_HAL_Driver/Src/stm32f1xx_hal_gpio.o
 .debug_frame   0x00000000000008a8       0x90 Drivers/STM32F1xx_HAL_Driver/Src/stm32f1xx_hal_msp_template.o
 .debug_frame   0x0000000000000938       0x58 Src/core/portable/hal/stm32f103c8tx/system_stm32f1xx.o
 .debug_frame   0x0000000000000990       0xf4 Src/core/portable/hal/stm32f103c8tx/wrappers/gpio_hal.o
 .debug_frame   0x0000000000000a84       0x34 Src/core/portable/hal/stm32f103c8tx/wrappers/hal.o
 .debug_frame   0x0000000000000ab8      0x244 Src/core/portable/hal/stm32f103c8tx/wrappers/interrupt_hal.o
 .debug_frame   0x0000000000000cfc       0x2c Src/main.o
 .debug_frame   0x0000000000000d28       0x2c c:/st/stm32cubeide_1.3.0/stm32cubeide/plugins/com.st.stm32cube.ide.mcu.externaltools.gnu-tools-for-stm32.7-2018-q2-update.win32_1.0.0.201904181610/tools/bin/../lib/gcc/arm-none-eabi/7.3.1/../../../../arm-none-eabi/lib/thumb/v7-m\libc_nano.a(lib_a-init.o)
