Archive member included to satisfy reference by file (symbol)

c:/st/stm32cubeide_1.3.0/stm32cubeide/plugins/com.st.stm32cube.ide.mcu.externaltools.gnu-tools-for-stm32.7-2018-q2-update.win32_1.0.0.201904181610/tools/bin/../lib/gcc/arm-none-eabi/7.3.1/../../../../arm-none-eabi/lib/thumb/v7-m\libc_nano.a(lib_a-errno.o)
                              Src/syscalls.o (__errno)
c:/st/stm32cubeide_1.3.0/stm32cubeide/plugins/com.st.stm32cube.ide.mcu.externaltools.gnu-tools-for-stm32.7-2018-q2-update.win32_1.0.0.201904181610/tools/bin/../lib/gcc/arm-none-eabi/7.3.1/../../../../arm-none-eabi/lib/thumb/v7-m\libc_nano.a(lib_a-exit.o)
                              c:/st/stm32cubeide_1.3.0/stm32cubeide/plugins/com.st.stm32cube.ide.mcu.externaltools.gnu-tools-for-stm32.7-2018-q2-update.win32_1.0.0.201904181610/tools/bin/../lib/gcc/arm-none-eabi/7.3.1/../../../../arm-none-eabi/lib/thumb/v7-m/crt0.o (exit)
c:/st/stm32cubeide_1.3.0/stm32cubeide/plugins/com.st.stm32cube.ide.mcu.externaltools.gnu-tools-for-stm32.7-2018-q2-update.win32_1.0.0.201904181610/tools/bin/../lib/gcc/arm-none-eabi/7.3.1/../../../../arm-none-eabi/lib/thumb/v7-m\libc_nano.a(lib_a-impure.o)
                              c:/st/stm32cubeide_1.3.0/stm32cubeide/plugins/com.st.stm32cube.ide.mcu.externaltools.gnu-tools-for-stm32.7-2018-q2-update.win32_1.0.0.201904181610/tools/bin/../lib/gcc/arm-none-eabi/7.3.1/../../../../arm-none-eabi/lib/thumb/v7-m\libc_nano.a(lib_a-exit.o) (_global_impure_ptr)
c:/st/stm32cubeide_1.3.0/stm32cubeide/plugins/com.st.stm32cube.ide.mcu.externaltools.gnu-tools-for-stm32.7-2018-q2-update.win32_1.0.0.201904181610/tools/bin/../lib/gcc/arm-none-eabi/7.3.1/../../../../arm-none-eabi/lib/thumb/v7-m\libc_nano.a(lib_a-init.o)
                              c:/st/stm32cubeide_1.3.0/stm32cubeide/plugins/com.st.stm32cube.ide.mcu.externaltools.gnu-tools-for-stm32.7-2018-q2-update.win32_1.0.0.201904181610/tools/bin/../lib/gcc/arm-none-eabi/7.3.1/../../../../arm-none-eabi/lib/thumb/v7-m/crt0.o (__libc_init_array)
c:/st/stm32cubeide_1.3.0/stm32cubeide/plugins/com.st.stm32cube.ide.mcu.externaltools.gnu-tools-for-stm32.7-2018-q2-update.win32_1.0.0.201904181610/tools/bin/../lib/gcc/arm-none-eabi/7.3.1/../../../../arm-none-eabi/lib/thumb/v7-m\libc_nano.a(lib_a-memset.o)
                              c:/st/stm32cubeide_1.3.0/stm32cubeide/plugins/com.st.stm32cube.ide.mcu.externaltools.gnu-tools-for-stm32.7-2018-q2-update.win32_1.0.0.201904181610/tools/bin/../lib/gcc/arm-none-eabi/7.3.1/../../../../arm-none-eabi/lib/thumb/v7-m/crt0.o (memset)
c:/st/stm32cubeide_1.3.0/stm32cubeide/plugins/com.st.stm32cube.ide.mcu.externaltools.gnu-tools-for-stm32.7-2018-q2-update.win32_1.0.0.201904181610/tools/bin/../lib/gcc/arm-none-eabi/7.3.1/../../../../arm-none-eabi/lib/thumb/v7-m\libc_nano.a(lib_a-sprintf.o)
                              Src/core/utils/ring_buffer.o (sprintf)
c:/st/stm32cubeide_1.3.0/stm32cubeide/plugins/com.st.stm32cube.ide.mcu.externaltools.gnu-tools-for-stm32.7-2018-q2-update.win32_1.0.0.201904181610/tools/bin/../lib/gcc/arm-none-eabi/7.3.1/../../../../arm-none-eabi/lib/thumb/v7-m\libc_nano.a(lib_a-strlen.o)
                              Src/core/utils/ring_buffer.o (strlen)
c:/st/stm32cubeide_1.3.0/stm32cubeide/plugins/com.st.stm32cube.ide.mcu.externaltools.gnu-tools-for-stm32.7-2018-q2-update.win32_1.0.0.201904181610/tools/bin/../lib/gcc/arm-none-eabi/7.3.1/../../../../arm-none-eabi/lib/thumb/v7-m\libc_nano.a(lib_a-nano-svfprintf.o)
                              c:/st/stm32cubeide_1.3.0/stm32cubeide/plugins/com.st.stm32cube.ide.mcu.externaltools.gnu-tools-for-stm32.7-2018-q2-update.win32_1.0.0.201904181610/tools/bin/../lib/gcc/arm-none-eabi/7.3.1/../../../../arm-none-eabi/lib/thumb/v7-m\libc_nano.a(lib_a-sprintf.o) (_svfprintf_r)
c:/st/stm32cubeide_1.3.0/stm32cubeide/plugins/com.st.stm32cube.ide.mcu.externaltools.gnu-tools-for-stm32.7-2018-q2-update.win32_1.0.0.201904181610/tools/bin/../lib/gcc/arm-none-eabi/7.3.1/../../../../arm-none-eabi/lib/thumb/v7-m\libc_nano.a(lib_a-nano-vfprintf_i.o)
                              c:/st/stm32cubeide_1.3.0/stm32cubeide/plugins/com.st.stm32cube.ide.mcu.externaltools.gnu-tools-for-stm32.7-2018-q2-update.win32_1.0.0.201904181610/tools/bin/../lib/gcc/arm-none-eabi/7.3.1/../../../../arm-none-eabi/lib/thumb/v7-m\libc_nano.a(lib_a-nano-svfprintf.o) (_printf_i)
c:/st/stm32cubeide_1.3.0/stm32cubeide/plugins/com.st.stm32cube.ide.mcu.externaltools.gnu-tools-for-stm32.7-2018-q2-update.win32_1.0.0.201904181610/tools/bin/../lib/gcc/arm-none-eabi/7.3.1/../../../../arm-none-eabi/lib/thumb/v7-m\libc_nano.a(lib_a-memchr-stub.o)
                              c:/st/stm32cubeide_1.3.0/stm32cubeide/plugins/com.st.stm32cube.ide.mcu.externaltools.gnu-tools-for-stm32.7-2018-q2-update.win32_1.0.0.201904181610/tools/bin/../lib/gcc/arm-none-eabi/7.3.1/../../../../arm-none-eabi/lib/thumb/v7-m\libc_nano.a(lib_a-nano-svfprintf.o) (memchr)
[...]
Memory Configuration

Name             Origin             Length             Attributes
RAM              0x0000000020000000 0x0000000000005000 xrw
ROM              0x0000000008000000 0x0000000000010000 xr
*default*        0x0000000000000000 0xffffffffffffffff

Linker script and memory map

LOAD c:/st/stm32cubeide_1.3.0/stm32cubeide/plugins/com.st.stm32cube.ide.mcu.externaltools.gnu-tools-for-stm32.7-2018-q2-update.win32_1.0.0.201904181610/tools/bin/../lib/gcc/arm-none-eabi/7.3.1/thumb/v7-m/crti.o
LOAD c:/st/stm32cubeide_1.3.0/stm32cubeide/plugins/com.st.stm32cube.ide.mcu.externaltools.gnu-tools-for-stm32.7-2018-q2-update.win32_1.0.0.201904181610/tools/bin/../lib/gcc/arm-none-eabi/7.3.1/thumb/v7-m/crtbegin.o
LOAD c:/st/stm32cubeide_1.3.0/stm32cubeide/plugins/com.st.stm32cube.ide.mcu.externaltools.gnu-tools-for-stm32.7-2018-q2-update.win32_1.0.0.201904181610/tools/bin/../lib/gcc/arm-none-eabi/7.3.1/../../../../arm-none-eabi/lib/thumb/v7-m/crt0.o
LOAD Drivers/STM32F1xx_HAL_Driver/Src/Legacy/stm32f1xx_hal_can.o
LOAD Drivers/STM32F1xx_HAL_Driver/Src/stm32f1xx_hal.o
LOAD Drivers/STM32F1xx_HAL_Driver/Src/stm32f1xx_hal_adc.o
LOAD Drivers/STM32F1xx_HAL_Driver/Src/stm32f1xx_hal_adc_ex.o
LOAD Drivers/STM32F1xx_HAL_Driver/Src/stm32f1xx_hal_can.o
LOAD Drivers/STM32F1xx_HAL_Driver/Src/stm32f1xx_hal_cec.o
LOAD Drivers/STM32F1xx_HAL_Driver/Src/stm32f1xx_hal_cortex.o
LOAD Drivers/STM32F1xx_HAL_Driver/Src/stm32f1xx_hal_crc.o
LOAD Drivers/STM32F1xx_HAL_Driver/Src/stm32f1xx_hal_dac.o
LOAD Drivers/STM32F1xx_HAL_Driver/Src/stm32f1xx_hal_dac_ex.o
LOAD Drivers/STM32F1xx_HAL_Driver/Src/stm32f1xx_hal_dma.o
LOAD Drivers/STM32F1xx_HAL_Driver/Src/stm32f1xx_hal_eth.o
LOAD Drivers/STM32F1xx_HAL_Driver/Src/stm32f1xx_hal_exti.o
LOAD Drivers/STM32F1xx_HAL_Driver/Src/stm32f1xx_hal_flash.o
LOAD Drivers/STM32F1xx_HAL_Driver/Src/stm32f1xx_hal_flash_ex.o
LOAD Drivers/STM32F1xx_HAL_Driver/Src/stm32f1xx_hal_gpio.o
LOAD Drivers/STM32F1xx_HAL_Driver/Src/stm32f1xx_hal_gpio_ex.o
LOAD Drivers/STM32F1xx_HAL_Driver/Src/stm32f1xx_hal_hcd.o
LOAD Drivers/STM32F1xx_HAL_Driver/Src/stm32f1xx_hal_i2c.o
LOAD Drivers/STM32F1xx_HAL_Driver/Src/stm32f1xx_hal_i2s.o
LOAD Drivers/STM32F1xx_HAL_Driver/Src/stm32f1xx_hal_irda.o
LOAD Drivers/STM32F1xx_HAL_Driver/Src/stm32f1xx_hal_iwdg.o
LOAD Drivers/STM32F1xx_HAL_Driver/Src/stm32f1xx_hal_mmc.o
LOAD Drivers/STM32F1xx_HAL_Driver/Src/stm32f1xx_hal_msp_template.o
LOAD Drivers/STM32F1xx_HAL_Driver/Src/stm32f1xx_hal_nand.o
LOAD Drivers/STM32F1xx_HAL_Driver/Src/stm32f1xx_hal_nor.o
LOAD Drivers/STM32F1xx_HAL_Driver/Src/stm32f1xx_hal_pccard.o
LOAD Drivers/STM32F1xx_HAL_Driver/Src/stm32f1xx_hal_pcd.o
LOAD Drivers/STM32F1xx_HAL_Driver/Src/stm32f1xx_hal_pcd_ex.o
LOAD Drivers/STM32F1xx_HAL_Driver/Src/stm32f1xx_hal_pwr.o
LOAD Drivers/STM32F1xx_HAL_Driver/Src/stm32f1xx_hal_rcc.o
LOAD Drivers/STM32F1xx_HAL_Driver/Src/stm32f1xx_hal_rcc_ex.o
LOAD Drivers/STM32F1xx_HAL_Driver/Src/stm32f1xx_hal_rtc.o
LOAD Drivers/STM32F1xx_HAL_Driver/Src/stm32f1xx_hal_rtc_ex.o
LOAD Drivers/STM32F1xx_HAL_Driver/Src/stm32f1xx_hal_sd.o
LOAD Drivers/STM32F1xx_HAL_Driver/Src/stm32f1xx_hal_smartcard.o
LOAD Drivers/STM32F1xx_HAL_Driver/Src/stm32f1xx_hal_spi.o
LOAD Drivers/STM32F1xx_HAL_Driver/Src/stm32f1xx_hal_sram.o
LOAD Drivers/STM32F1xx_HAL_Driver/Src/stm32f1xx_hal_tim.o
LOAD Drivers/STM32F1xx_HAL_Driver/Src/stm32f1xx_hal_tim_ex.o
LOAD Drivers/STM32F1xx_HAL_Driver/Src/stm32f1xx_hal_uart.o
LOAD Drivers/STM32F1xx_HAL_Driver/Src/stm32f1xx_hal_usart.o
LOAD Drivers/STM32F1xx_HAL_Driver/Src/stm32f1xx_hal_wwdg.o
LOAD Drivers/STM32F1xx_HAL_Driver/Src/stm32f1xx_ll_adc.o
LOAD Drivers/STM32F1xx_HAL_Driver/Src/stm32f1xx_ll_crc.o
LOAD Drivers/STM32F1xx_HAL_Driver/Src/stm32f1xx_ll_dac.o
LOAD Drivers/STM32F1xx_HAL_Driver/Src/stm32f1xx_ll_dma.o
LOAD Drivers/STM32F1xx_HAL_Driver/Src/stm32f1xx_ll_exti.o
LOAD Drivers/STM32F1xx_HAL_Driver/Src/stm32f1xx_ll_fsmc.o
LOAD Drivers/STM32F1xx_HAL_Driver/Src/stm32f1xx_ll_gpio.o
LOAD Drivers/STM32F1xx_HAL_Driver/Src/stm32f1xx_ll_i2c.o
LOAD Drivers/STM32F1xx_HAL_Driver/Src/stm32f1xx_ll_pwr.o
LOAD Drivers/STM32F1xx_HAL_Driver/Src/stm32f1xx_ll_rcc.o
LOAD Drivers/STM32F1xx_HAL_Driver/Src/stm32f1xx_ll_rtc.o
LOAD Drivers/STM32F1xx_HAL_Driver/Src/stm32f1xx_ll_sdmmc.o
LOAD Drivers/STM32F1xx_HAL_Driver/Src/stm32f1xx_ll_spi.o
LOAD Drivers/STM32F1xx_HAL_Driver/Src/stm32f1xx_ll_tim.o
LOAD Drivers/STM32F1xx_HAL_Driver/Src/stm32f1xx_ll_usart.o
LOAD Drivers/STM32F1xx_HAL_Driver/Src/stm32f1xx_ll_usb.o
LOAD Drivers/STM32F1xx_HAL_Driver/Src/stm32f1xx_ll_utils.o
LOAD Src/core/conf.o
LOAD Src/core/portable/hal/stm32f103c8tx/system_stm32f1xx.o
LOAD Src/core/portable/hal/stm32f103c8tx/wrappers/clock_hal.o
LOAD Src/core/portable/hal/stm32f103c8tx/wrappers/gpio_hal.o
LOAD Src/core/portable/hal/stm32f103c8tx/wrappers/hal.o
LOAD Src/core/portable/hal/stm32f103c8tx/wrappers/interrupt_hal.o
LOAD Src/core/portable/hal/stm32f103c8tx/wrappers/timer_hal.o
LOAD Src/core/utils/data_handler.o
LOAD Src/core/utils/ring_buffer.o
LOAD Src/main.o
LOAD Src/syscalls.o
LOAD Src/sysmem.o
LOAD Startup/startup_stm32f103c8tx.o
START GROUP
LOAD c:/st/stm32cubeide_1.3.0/stm32cubeide/plugins/com.st.stm32cube.ide.mcu.externaltools.gnu-tools-for-stm32.7-2018-q2-update.win32_1.0.0.201904181610/tools/bin/../lib/gcc/arm-none-eabi/7.3.1/../../../../arm-none-eabi/lib/thumb/v7-m\libc_nano.a
LOAD c:/st/stm32cubeide_1.3.0/stm32cubeide/plugins/com.st.stm32cube.ide.mcu.externaltools.gnu-tools-for-stm32.7-2018-q2-update.win32_1.0.0.201904181610/tools/bin/../lib/gcc/arm-none-eabi/7.3.1/../../../../arm-none-eabi/lib/thumb/v7-m\libm.a
END GROUP
START GROUP
LOAD c:/st/stm32cubeide_1.3.0/stm32cubeide/plugins/com.st.stm32cube.ide.mcu.externaltools.gnu-tools-for-stm32.7-2018-q2-update.win32_1.0.0.201904181610/tools/bin/../lib/gcc/arm-none-eabi/7.3.1/thumb/v7-m\libgcc.a
LOAD c:/st/stm32cubeide_1.3.0/stm32cubeide/plugins/com.st.stm32cube.ide.mcu.externaltools.gnu-tools-for-stm32.7-2018-q2-update.win32_1.0.0.201904181610/tools/bin/../lib/gcc/arm-none-eabi/7.3.1/../../../../arm-none-eabi/lib/thumb/v7-m\libc_nano.a
END GROUP
START GROUP
LOAD c:/st/stm32cubeide_1.3.0/stm32cubeide/plugins/com.st.stm32cube.ide.mcu.externaltools.gnu-tools-for-stm32.7-2018-q2-update.win32_1.0.0.201904181610/tools/bin/../lib/gcc/arm-none-eabi/7.3.1/thumb/v7-m\libgcc.a
LOAD c:/st/stm32cubeide_1.3.0/stm32cubeide/plugins/com.st.stm32cube.ide.mcu.externaltools.gnu-tools-for-stm32.7-2018-q2-update.win32_1.0.0.201904181610/tools/bin/../lib/gcc/arm-none-eabi/7.3.1/../../../../arm-none-eabi/lib/thumb/v7-m\libc_nano.a
LOAD c:/st/stm32cubeide_1.3.0/stm32cubeide/plugins/com.st.stm32cube.ide.mcu.externaltools.gnu-tools-for-stm32.7-2018-q2-update.win32_1.0.0.201904181610/tools/bin/../lib/gcc/arm-none-eabi/7.3.1/../../../../arm-none-eabi/lib/thumb/v7-m\libnosys.a
END GROUP
START GROUP
LOAD c:/st/stm32cubeide_1.3.0/stm32cubeide/plugins/com.st.stm32cube.ide.mcu.externaltools.gnu-tools-for-stm32.7-2018-q2-update.win32_1.0.0.201904181610/tools/bin/../lib/gcc/arm-none-eabi/7.3.1/thumb/v7-m\libgcc.a
LOAD c:/st/stm32cubeide_1.3.0/stm32cubeide/plugins/com.st.stm32cube.ide.mcu.externaltools.gnu-tools-for-stm32.7-2018-q2-update.win32_1.0.0.201904181610/tools/bin/../lib/gcc/arm-none-eabi/7.3.1/../../../../arm-none-eabi/lib/thumb/v7-m\libc_nano.a
LOAD c:/st/stm32cubeide_1.3.0/stm32cubeide/plugins/com.st.stm32cube.ide.mcu.externaltools.gnu-tools-for-stm32.7-2018-q2-update.win32_1.0.0.201904181610/tools/bin/../lib/gcc/arm-none-eabi/7.3.1/../../../../arm-none-eabi/lib/thumb/v7-m\libnosys.a
END GROUP
LOAD c:/st/stm32cubeide_1.3.0/stm32cubeide/plugins/com.st.stm32cube.ide.mcu.externaltools.gnu-tools-for-stm32.7-2018-q2-update.win32_1.0.0.201904181610/tools/bin/../lib/gcc/arm-none-eabi/7.3.1/thumb/v7-m/crtend.o
LOAD c:/st/stm32cubeide_1.3.0/stm32cubeide/plugins/com.st.stm32cube.ide.mcu.externaltools.gnu-tools-for-stm32.7-2018-q2-update.win32_1.0.0.201904181610/tools/bin/../lib/gcc/arm-none-eabi/7.3.1/thumb/v7-m/crtn.o
                0x0000000020005000                _estack = (ORIGIN (RAM) + LENGTH (RAM))
                0x0000000000000200                _Min_Heap_Size = 0x200
                0x0000000000000400                _Min_Stack_Size = 0x400

.isr_vector     0x0000000008000000      0x130
                0x0000000008000000                . = ALIGN (0x4)
 *(.isr_vector)
 .isr_vector    0x0000000008000000      0x130 Startup/startup_stm32f103c8tx.o
                0x0000000008000000                g_pfnVectors
                0x0000000008000130                . = ALIGN (0x4)

.text           0x0000000008000130     0x31f0
                0x0000000008000130                . = ALIGN (0x4)
 *(.text)
 .text          0x0000000008000130       0x40 c:/st/stm32cubeide_1.3.0/stm32cubeide/plugins/com.st.stm32cube.ide.mcu.externaltools.gnu-tools-for-stm32.7-2018-q2-update.win32_1.0.0.201904181610/tools/bin/../lib/gcc/arm-none-eabi/7.3.1/thumb/v7-m/crtbegin.o
 *(.text*)
 .text.HAL_Init
                0x0000000008000170       0x2c Drivers/STM32F1xx_HAL_Driver/Src/stm32f1xx_hal.o
                0x0000000008000170                HAL_Init
 .text.HAL_InitTick
                0x000000000800019c       0x60 Drivers/STM32F1xx_HAL_Driver/Src/stm32f1xx_hal.o
                0x000000000800019c                HAL_InitTick
 .text.HAL_GetTick
                0x00000000080001fc       0x14 Drivers/STM32F1xx_HAL_Driver/Src/stm32f1xx_hal.o
                0x00000000080001fc                HAL_GetTick
 .text.__NVIC_SetPriorityGrouping
                0x0000000008000210       0x48 Drivers/STM32F1xx_HAL_Driver/Src/stm32f1xx_hal_cortex.o
 .text.__NVIC_GetPriorityGrouping
                0x0000000008000258       0x1c Drivers/STM32F1xx_HAL_Driver/Src/stm32f1xx_hal_cortex.o
 .text.__NVIC_EnableIRQ
                0x0000000008000274       0x38 Drivers/STM32F1xx_HAL_Driver/Src/stm32f1xx_hal_cortex.o
 .text.__NVIC_SetPriority
                0x00000000080002ac       0x54 Drivers/STM32F1xx_HAL_Driver/Src/stm32f1xx_hal_cortex.o
 .text.NVIC_EncodePriority
                0x0000000008000300       0x64 Drivers/STM32F1xx_HAL_Driver/Src/stm32f1xx_hal_cortex.o
 .text.SysTick_Config
                0x0000000008000364       0x44 Drivers/STM32F1xx_HAL_Driver/Src/stm32f1xx_hal_cortex.o
 .text.HAL_NVIC_SetPriorityGrouping
                0x00000000080003a8       0x16 Drivers/STM32F1xx_HAL_Driver/Src/stm32f1xx_hal_cortex.o
                0x00000000080003a8                HAL_NVIC_SetPriorityGrouping
 .text.HAL_NVIC_SetPriority
                0x00000000080003be       0x38 Drivers/STM32F1xx_HAL_Driver/Src/stm32f1xx_hal_cortex.o
                0x00000000080003be                HAL_NVIC_SetPriority
 .text.HAL_NVIC_EnableIRQ
                0x00000000080003f6       0x1c Drivers/STM32F1xx_HAL_Driver/Src/stm32f1xx_hal_cortex.o
                0x00000000080003f6                HAL_NVIC_EnableIRQ
 .text.HAL_SYSTICK_Config
                0x0000000008000412       0x18 Drivers/STM32F1xx_HAL_Driver/Src/stm32f1xx_hal_cortex.o
                0x0000000008000412                HAL_SYSTICK_Config
 *fill*         0x000000000800042a        0x2 
 .text.HAL_GPIO_Init
                0x000000000800042c      0x2b4 Drivers/STM32F1xx_HAL_Driver/Src/stm32f1xx_hal_gpio.o
                0x000000000800042c                HAL_GPIO_Init
 .text.HAL_GPIO_DeInit
                0x00000000080006e0      0x178 Drivers/STM32F1xx_HAL_Driver/Src/stm32f1xx_hal_gpio.o
                0x00000000080006e0                HAL_GPIO_DeInit
 .text.HAL_GPIO_WritePin
                0x0000000008000858       0x30 Drivers/STM32F1xx_HAL_Driver/Src/stm32f1xx_hal_gpio.o
                0x0000000008000858                HAL_GPIO_WritePin
 .text.HAL_MspInit
                0x0000000008000888        0xc Drivers/STM32F1xx_HAL_Driver/Src/stm32f1xx_hal_msp_template.o
                0x0000000008000888                HAL_MspInit
 .text.HAL_RCC_OscConfig
                0x0000000008000894      0x500 Drivers/STM32F1xx_HAL_Driver/Src/stm32f1xx_hal_rcc.o
                0x0000000008000894                HAL_RCC_OscConfig
 .text.HAL_RCC_ClockConfig
                0x0000000008000d94      0x1d4 Drivers/STM32F1xx_HAL_Driver/Src/stm32f1xx_hal_rcc.o
                0x0000000008000d94                HAL_RCC_ClockConfig
 .text.HAL_RCC_EnableCSS
                0x0000000008000f68       0x18 Drivers/STM32F1xx_HAL_Driver/Src/stm32f1xx_hal_rcc.o
                0x0000000008000f68                HAL_RCC_EnableCSS
 .text.HAL_RCC_GetSysClockFreq
                0x0000000008000f80       0xc4 Drivers/STM32F1xx_HAL_Driver/Src/stm32f1xx_hal_rcc.o
                0x0000000008000f80                HAL_RCC_GetSysClockFreq
 .text.RCC_Delay
                0x0000000008001044       0x3c Drivers/STM32F1xx_HAL_Driver/Src/stm32f1xx_hal_rcc.o
 .text.HAL_TIM_Base_Init
                0x0000000008001080       0x56 Drivers/STM32F1xx_HAL_Driver/Src/stm32f1xx_hal_tim.o
                0x0000000008001080                HAL_TIM_Base_Init
 .text.HAL_TIM_Base_MspInit
                0x00000000080010d6       0x12 Drivers/STM32F1xx_HAL_Driver/Src/stm32f1xx_hal_tim.o
                0x00000000080010d6                HAL_TIM_Base_MspInit
 .text.HAL_TIM_OC_Init
                0x00000000080010e8       0x56 Drivers/STM32F1xx_HAL_Driver/Src/stm32f1xx_hal_tim.o
                0x00000000080010e8                HAL_TIM_OC_Init
 .text.HAL_TIM_OC_MspInit
                0x000000000800113e       0x12 Drivers/STM32F1xx_HAL_Driver/Src/stm32f1xx_hal_tim.o
                0x000000000800113e                HAL_TIM_OC_MspInit
 .text.HAL_TIM_OC_Start
                0x0000000008001150       0x64 Drivers/STM32F1xx_HAL_Driver/Src/stm32f1xx_hal_tim.o
                0x0000000008001150                HAL_TIM_OC_Start
 .text.HAL_TIM_PWM_Init
                0x00000000080011b4       0x56 Drivers/STM32F1xx_HAL_Driver/Src/stm32f1xx_hal_tim.o
                0x00000000080011b4                HAL_TIM_PWM_Init
 .text.HAL_TIM_PWM_MspInit
                0x000000000800120a       0x12 Drivers/STM32F1xx_HAL_Driver/Src/stm32f1xx_hal_tim.o
                0x000000000800120a                HAL_TIM_PWM_MspInit
 .text.HAL_TIM_PWM_Start
                0x000000000800121c       0x64 Drivers/STM32F1xx_HAL_Driver/Src/stm32f1xx_hal_tim.o
                0x000000000800121c                HAL_TIM_PWM_Start
 .text.HAL_TIM_OnePulse_Init
                0x0000000008001280       0x78 Drivers/STM32F1xx_HAL_Driver/Src/stm32f1xx_hal_tim.o
                0x0000000008001280                HAL_TIM_OnePulse_Init
 .text.HAL_TIM_OnePulse_MspInit
                0x00000000080012f8       0x12 Drivers/STM32F1xx_HAL_Driver/Src/stm32f1xx_hal_tim.o
                0x00000000080012f8                HAL_TIM_OnePulse_MspInit
 *fill*         0x000000000800130a        0x2 
 .text.HAL_TIM_OC_ConfigChannel
                0x000000000800130c       0xc0 Drivers/STM32F1xx_HAL_Driver/Src/stm32f1xx_hal_tim.o
                0x000000000800130c                HAL_TIM_OC_ConfigChannel
 .text.HAL_TIM_PWM_ConfigChannel
                0x00000000080013cc      0x18c Drivers/STM32F1xx_HAL_Driver/Src/stm32f1xx_hal_tim.o
                0x00000000080013cc                HAL_TIM_PWM_ConfigChannel
 .text.HAL_TIM_ConfigClockSource
                0x0000000008001558      0x16e Drivers/STM32F1xx_HAL_Driver/Src/stm32f1xx_hal_tim.o
                0x0000000008001558                HAL_TIM_ConfigClockSource
 *fill*         0x00000000080016c6        0x2 
 .text.TIM_Base_SetConfig
                0x00000000080016c8       0xc4 Drivers/STM32F1xx_HAL_Driver/Src/stm32f1xx_hal_tim.o
                0x00000000080016c8                TIM_Base_SetConfig
 .text.TIM_OC1_SetConfig
                0x000000000800178c       0xcc Drivers/STM32F1xx_HAL_Driver/Src/stm32f1xx_hal_tim.o
 .text.TIM_OC2_SetConfig
                0x0000000008001858       0xd4 Drivers/STM32F1xx_HAL_Driver/Src/stm32f1xx_hal_tim.o
                0x0000000008001858                TIM_OC2_SetConfig
 .text.TIM_OC3_SetConfig
                0x000000000800192c       0xd4 Drivers/STM32F1xx_HAL_Driver/Src/stm32f1xx_hal_tim.o
 .text.TIM_OC4_SetConfig
                0x0000000008001a00       0x9c Drivers/STM32F1xx_HAL_Driver/Src/stm32f1xx_hal_tim.o
 .text.TIM_TI1_ConfigInputStage
                0x0000000008001a9c       0x5c Drivers/STM32F1xx_HAL_Driver/Src/stm32f1xx_hal_tim.o
 .text.TIM_TI2_ConfigInputStage
                0x0000000008001af8       0x5e Drivers/STM32F1xx_HAL_Driver/Src/stm32f1xx_hal_tim.o
 .text.TIM_ITRx_SetConfig
                0x0000000008001b56       0x34 Drivers/STM32F1xx_HAL_Driver/Src/stm32f1xx_hal_tim.o
 .text.TIM_ETR_SetConfig
                0x0000000008001b8a       0x3e Drivers/STM32F1xx_HAL_Driver/Src/stm32f1xx_hal_tim.o
                0x0000000008001b8a                TIM_ETR_SetConfig
 .text.TIM_CCxChannelCmd
                0x0000000008001bc8       0x48 Drivers/STM32F1xx_HAL_Driver/Src/stm32f1xx_hal_tim.o
                0x0000000008001bc8                TIM_CCxChannelCmd
 .text.HAL_TIMEx_MasterConfigSynchronization
                0x0000000008001c10       0x88 Drivers/STM32F1xx_HAL_Driver/Src/stm32f1xx_hal_tim_ex.o
                0x0000000008001c10                HAL_TIMEx_MasterConfigSynchronization
 .text.Gpio_hal_conf_get
                0x0000000008001c98       0x14 Src/core/conf.o
                0x0000000008001c98                Gpio_hal_conf_get
 .text.Gpio_hal_conf_get_size
                0x0000000008001cac        0xe Src/core/conf.o
                0x0000000008001cac                Gpio_hal_conf_get_size
 *fill*         0x0000000008001cba        0x2 
 .text.Timer_hal_PWM_conf_get
                0x0000000008001cbc       0x14 Src/core/conf.o
                0x0000000008001cbc                Timer_hal_PWM_conf_get
 .text.Timer_hal_OC_conf_get
                0x0000000008001cd0       0x14 Src/core/conf.o
                0x0000000008001cd0                Timer_hal_OC_conf_get
 .text.Timer_hal_conf_get
                0x0000000008001ce4       0x14 Src/core/conf.o
                0x0000000008001ce4                Timer_hal_conf_get
 .text.SystemInit
                0x0000000008001cf8       0x68 Src/core/portable/hal/stm32f103c8tx/system_stm32f1xx.o
                0x0000000008001cf8                SystemInit
 .text.SystemCoreClockUpdate
                0x0000000008001d60       0xd8 Src/core/portable/hal/stm32f103c8tx/system_stm32f1xx.o
                0x0000000008001d60                SystemCoreClockUpdate
 .text.Clock_hal_init
                0x0000000008001e38       0xb4 Src/core/portable/hal/stm32f103c8tx/wrappers/clock_hal.o
                0x0000000008001e38                Clock_hal_init
 .text.Gpio_hal_set_value
                0x0000000008001eec       0x9c Src/core/portable/hal/stm32f103c8tx/wrappers/gpio_hal.o
                0x0000000008001eec                Gpio_hal_set_value
 .text.Gpio_hal_init
                0x0000000008001f88      0x22c Src/core/portable/hal/stm32f103c8tx/wrappers/gpio_hal.o
                0x0000000008001f88                Gpio_hal_init
 .text.Core_hal_init
                0x00000000080021b4       0x68 Src/core/portable/hal/stm32f103c8tx/wrappers/hal.o
                0x00000000080021b4                Core_hal_init
 .text.IntHal_default_ISR
                0x000000000800221c        0x8 Src/core/portable/hal/stm32f103c8tx/wrappers/interrupt_hal.o
 .text.IntHal_suspend_global_interrupt
                0x0000000008002224       0x1e Src/core/portable/hal/stm32f103c8tx/wrappers/interrupt_hal.o
                0x0000000008002224                IntHal_suspend_global_interrupt
 .text.IntHal_enable_global_interrupt
                0x0000000008002242        0xe Src/core/portable/hal/stm32f103c8tx/wrappers/interrupt_hal.o
                0x0000000008002242                IntHal_enable_global_interrupt
 .text.IntHal_vector_init
                0x0000000008002250       0x4c Src/core/portable/hal/stm32f103c8tx/wrappers/interrupt_hal.o
                0x0000000008002250                IntHal_vector_init
 .text.IntHal_vector_register
                0x000000000800229c       0x40 Src/core/portable/hal/stm32f103c8tx/wrappers/interrupt_hal.o
                0x000000000800229c                IntHal_vector_register
 .text.I2C1_EV_IRQHandler
                0x00000000080022dc       0x14 Src/core/portable/hal/stm32f103c8tx/wrappers/interrupt_hal.o
                0x00000000080022dc                I2C1_EV_IRQHandler
 .text.I2C1_ER_IRQHandler
                0x00000000080022f0       0x14 Src/core/portable/hal/stm32f103c8tx/wrappers/interrupt_hal.o
                0x00000000080022f0                I2C1_ER_IRQHandler
 .text.TIM4_IRQHandler
                0x0000000008002304       0x14 Src/core/portable/hal/stm32f103c8tx/wrappers/interrupt_hal.o
                0x0000000008002304                TIM4_IRQHandler
 .text.NMI_Handler
                0x0000000008002318        0xc Src/core/portable/hal/stm32f103c8tx/wrappers/interrupt_hal.o
                0x0000000008002318                NMI_Handler
 .text.HardFault_Handler
                0x0000000008002324        0x6 Src/core/portable/hal/stm32f103c8tx/wrappers/interrupt_hal.o
                0x0000000008002324                HardFault_Handler
 .text.MemManage_Handler
                0x000000000800232a        0x6 Src/core/portable/hal/stm32f103c8tx/wrappers/interrupt_hal.o
                0x000000000800232a                MemManage_Handler
 .text.BusFault_Handler
                0x0000000008002330        0x6 Src/core/portable/hal/stm32f103c8tx/wrappers/interrupt_hal.o
                0x0000000008002330                BusFault_Handler
 .text.UsageFault_Handler
                0x0000000008002336        0x6 Src/core/portable/hal/stm32f103c8tx/wrappers/interrupt_hal.o
                0x0000000008002336                UsageFault_Handler
 .text.SVC_Handler
                0x000000000800233c        0xc Src/core/portable/hal/stm32f103c8tx/wrappers/interrupt_hal.o
                0x000000000800233c                SVC_Handler
 .text.DebugMon_Handler
                0x0000000008002348        0xc Src/core/portable/hal/stm32f103c8tx/wrappers/interrupt_hal.o
                0x0000000008002348                DebugMon_Handler
 .text.PendSV_Handler
                0x0000000008002354        0xc Src/core/portable/hal/stm32f103c8tx/wrappers/interrupt_hal.o
                0x0000000008002354                PendSV_Handler
 .text.SysTick_Handler
                0x0000000008002360        0xc Src/core/portable/hal/stm32f103c8tx/wrappers/interrupt_hal.o
                0x0000000008002360                SysTick_Handler
 .text.timer4_isr
                0x000000000800236c       0xa8 Src/core/portable/hal/stm32f103c8tx/wrappers/timer_hal.o
 .text.timer3_isr
                0x0000000008002414       0x98 Src/core/portable/hal/stm32f103c8tx/wrappers/timer_hal.o
 .text.timer2_isr
                0x00000000080024ac        0xc Src/core/portable/hal/stm32f103c8tx/wrappers/timer_hal.o
 .text.timer1_isr
                0x00000000080024b8        0xc Src/core/portable/hal/stm32f103c8tx/wrappers/timer_hal.o
 .text.timer_hal_error_handler
                0x00000000080024c4       0x18 Src/core/portable/hal/stm32f103c8tx/wrappers/timer_hal.o
 .text.Timer_hal_init
                0x00000000080024dc      0x26c Src/core/portable/hal/stm32f103c8tx/wrappers/timer_hal.o
                0x00000000080024dc                Timer_hal_init
 .text.Timer_hal_set_ISR_cb
                0x0000000008002748       0xc0 Src/core/portable/hal/stm32f103c8tx/wrappers/timer_hal.o
                0x0000000008002748                Timer_hal_set_ISR_cb
 .text.Timer_hal_OC_init
                0x0000000008002808      0x32c Src/core/portable/hal/stm32f103c8tx/wrappers/timer_hal.o
                0x0000000008002808                Timer_hal_OC_init
 .text.Timer_hal_OC_start
                0x0000000008002b34       0xa8 Src/core/portable/hal/stm32f103c8tx/wrappers/timer_hal.o
                0x0000000008002b34                Timer_hal_OC_start
 .text.Timer_hal_OC_get
                0x0000000008002bdc      0x108 Src/core/portable/hal/stm32f103c8tx/wrappers/timer_hal.o
                0x0000000008002bdc                Timer_hal_OC_get
 .text.Timer_hal_OC_period
                0x0000000008002ce4      0x114 Src/core/portable/hal/stm32f103c8tx/wrappers/timer_hal.o
                0x0000000008002ce4                Timer_hal_OC_period
 .text.Timer_hal_PWM_init
                0x0000000008002df8      0x1b0 Src/core/portable/hal/stm32f103c8tx/wrappers/timer_hal.o
                0x0000000008002df8                Timer_hal_PWM_init
 .text.Timer_hal_PWM_start
                0x0000000008002fa8       0xa8 Src/core/portable/hal/stm32f103c8tx/wrappers/timer_hal.o
                0x0000000008002fa8                Timer_hal_PWM_start
 .text.Timer_hal_PWM_DC
                0x0000000008003050      0x114 Src/core/portable/hal/stm32f103c8tx/wrappers/timer_hal.o
                0x0000000008003050                Timer_hal_PWM_DC
 .text.prova_isr_app
                0x0000000008003164       0x46 Src/main.o
                0x0000000008003164                prova_isr_app
 *fill*         0x00000000080031aa        0x2 
 .text.main     0x00000000080031ac       0xb0 Src/main.o
                0x00000000080031ac                main
 .text.Reset_Handler
                0x000000000800325c       0x50 Startup/startup_stm32f103c8tx.o
                0x000000000800325c                Reset_Handler
 .text.Default_Handler
                0x00000000080032ac        0x2 Startup/startup_stm32f103c8tx.o
                0x00000000080032ac                EXTI2_IRQHandler
                0x00000000080032ac                TIM8_TRG_COM_IRQHandler
                0x00000000080032ac                TIM8_CC_IRQHandler
                0x00000000080032ac                TIM1_CC_IRQHandler
                0x00000000080032ac                TIM6_IRQHandler
                0x00000000080032ac                PVD_IRQHandler
                0x00000000080032ac                SDIO_IRQHandler
                0x00000000080032ac                EXTI3_IRQHandler
                0x00000000080032ac                USB_HP_CAN_TX_IRQHandler
                0x00000000080032ac                EXTI0_IRQHandler
                0x00000000080032ac                I2C2_EV_IRQHandler
                0x00000000080032ac                ADC1_2_IRQHandler
                0x00000000080032ac                SPI1_IRQHandler
                0x00000000080032ac                CAN_SCE_IRQHandler
                0x00000000080032ac                TAMPER_IRQHandler
                0x00000000080032ac                TIM8_UP_IRQHandler
                0x00000000080032ac                DMA2_Channel2_IRQHandler
                0x00000000080032ac                DMA1_Channel4_IRQHandler
                0x00000000080032ac                USART3_IRQHandler
                0x00000000080032ac                RTC_IRQHandler
                0x00000000080032ac                DMA1_Channel7_IRQHandler
                0x00000000080032ac                UART5_IRQHandler
                0x00000000080032ac                ADC3_IRQHandler
                0x00000000080032ac                CAN_RX1_IRQHandler
                0x00000000080032ac                DMA2_Channel1_IRQHandler
                0x00000000080032ac                DMA1_Channel6_IRQHandler
                0x00000000080032ac                UART4_IRQHandler
                0x00000000080032ac                TIM3_IRQHandler
                0x00000000080032ac                RCC_IRQHandler
                0x00000000080032ac                TIM1_TRG_COM_IRQHandler
                0x00000000080032ac                DMA1_Channel1_IRQHandler
                0x00000000080032ac                Default_Handler
                0x00000000080032ac                EXTI15_10_IRQHandler
                0x00000000080032ac                TIM7_IRQHandler
                0x00000000080032ac                TIM5_IRQHandler
                0x00000000080032ac                EXTI9_5_IRQHandler
                0x00000000080032ac                SPI2_IRQHandler
                0x00000000080032ac                USB_LP_CAN_RX0_IRQHandler
                0x00000000080032ac                DMA1_Channel5_IRQHandler
                0x00000000080032ac                EXTI4_IRQHandler
                0x00000000080032ac                DMA1_Channel3_IRQHandler
                0x00000000080032ac                FSMC_IRQHandler
                0x00000000080032ac                TIM1_UP_IRQHandler
                0x00000000080032ac                WWDG_IRQHandler
                0x00000000080032ac                TIM2_IRQHandler
                0x00000000080032ac                TIM1_BRK_IRQHandler
                0x00000000080032ac                EXTI1_IRQHandler
                0x00000000080032ac                RTCAlarm_IRQHandler
                0x00000000080032ac                DMA2_Channel4_5_IRQHandler
                0x00000000080032ac                USART2_IRQHandler
                0x00000000080032ac                I2C2_ER_IRQHandler
                0x00000000080032ac                DMA1_Channel2_IRQHandler
                0x00000000080032ac                TIM8_BRK_IRQHandler
                0x00000000080032ac                FLASH_IRQHandler
                0x00000000080032ac                USART1_IRQHandler
                0x00000000080032ac                SPI3_IRQHandler
                0x00000000080032ac                DMA2_Channel3_IRQHandler
 *fill*         0x00000000080032ae        0x2 
 .text.__libc_init_array
                0x00000000080032b0       0x48 c:/st/stm32cubeide_1.3.0/stm32cubeide/plugins/com.st.stm32cube.ide.mcu.externaltools.gnu-tools-for-stm32.7-2018-q2-update.win32_1.0.0.201904181610/tools/bin/../lib/gcc/arm-none-eabi/7.3.1/../../../../arm-none-eabi/lib/thumb/v7-m\libc_nano.a(lib_a-init.o)
                0x00000000080032b0                __libc_init_array
 .text.memset   0x00000000080032f8       0x10 c:/st/stm32cubeide_1.3.0/stm32cubeide/plugins/com.st.stm32cube.ide.mcu.externaltools.gnu-tools-for-stm32.7-2018-q2-update.win32_1.0.0.201904181610/tools/bin/../lib/gcc/arm-none-eabi/7.3.1/../../../../arm-none-eabi/lib/thumb/v7-m\libc_nano.a(lib_a-memset.o)
                0x00000000080032f8                memset
 *(.glue_7)
 .glue_7        0x0000000008003308        0x0 linker stubs
 *(.glue_7t)
 .glue_7t       0x0000000008003308        0x0 linker stubs
 *(.eh_frame)
 .eh_frame      0x0000000008003308        0x0 c:/st/stm32cubeide_1.3.0/stm32cubeide/plugins/com.st.stm32cube.ide.mcu.externaltools.gnu-tools-for-stm32.7-2018-q2-update.win32_1.0.0.201904181610/tools/bin/../lib/gcc/arm-none-eabi/7.3.1/thumb/v7-m/crtbegin.o
 *(.init)
 .init          0x0000000008003308        0x4 c:/st/stm32cubeide_1.3.0/stm32cubeide/plugins/com.st.stm32cube.ide.mcu.externaltools.gnu-tools-for-stm32.7-2018-q2-update.win32_1.0.0.201904181610/tools/bin/../lib/gcc/arm-none-eabi/7.3.1/thumb/v7-m/crti.o
                0x0000000008003308                _init
 .init          0x000000000800330c        0x8 c:/st/stm32cubeide_1.3.0/stm32cubeide/plugins/com.st.stm32cube.ide.mcu.externaltools.gnu-tools-for-stm32.7-2018-q2-update.win32_1.0.0.201904181610/tools/bin/../lib/gcc/arm-none-eabi/7.3.1/thumb/v7-m/crtn.o
 *(.fini)
 .fini          0x0000000008003314        0x4 c:/st/stm32cubeide_1.3.0/stm32cubeide/plugins/com.st.stm32cube.ide.mcu.externaltools.gnu-tools-for-stm32.7-2018-q2-update.win32_1.0.0.201904181610/tools/bin/../lib/gcc/arm-none-eabi/7.3.1/thumb/v7-m/crti.o
                0x0000000008003314                _fini
 .fini          0x0000000008003318        0x8 c:/st/stm32cubeide_1.3.0/stm32cubeide/plugins/com.st.stm32cube.ide.mcu.externaltools.gnu-tools-for-stm32.7-2018-q2-update.win32_1.0.0.201904181610/tools/bin/../lib/gcc/arm-none-eabi/7.3.1/thumb/v7-m/crtn.o
                0x0000000008003320                . = ALIGN (0x4)
                0x0000000008003320                _etext = .

.vfp11_veneer   0x0000000008003320        0x0
 .vfp11_veneer  0x0000000008003320        0x0 linker stubs

.v4_bx          0x0000000008003320        0x0
 .v4_bx         0x0000000008003320        0x0 linker stubs

.iplt           0x0000000008003320        0x0
 .iplt          0x0000000008003320        0x0 c:/st/stm32cubeide_1.3.0/stm32cubeide/plugins/com.st.stm32cube.ide.mcu.externaltools.gnu-tools-for-stm32.7-2018-q2-update.win32_1.0.0.201904181610/tools/bin/../lib/gcc/arm-none-eabi/7.3.1/thumb/v7-m/crtbegin.o

.rodata         0x0000000008003320      0x104
                0x0000000008003320                . = ALIGN (0x4)
 *(.rodata)
 .rodata        0x0000000008003320       0x12 Drivers/STM32F1xx_HAL_Driver/Src/stm32f1xx_hal_rcc.o
 *(.rodata*)
 *fill*         0x0000000008003332        0x2 
 .rodata.gpio_hal_conf
                0x0000000008003334       0x78 Src/core/conf.o
                0x0000000008003334                gpio_hal_conf
 .rodata.timer_test
                0x00000000080033ac       0x40 Src/core/conf.o
                0x00000000080033ac                timer_test
 .rodata.pwm_test
                0x00000000080033ec       0x14 Src/core/conf.o
                0x00000000080033ec                pwm_test
 .rodata.oc_test
                0x0000000008003400       0x14 Src/core/conf.o
                0x0000000008003400                oc_test
 .rodata.AHBPrescTable
                0x0000000008003414       0x10 Src/core/portable/hal/stm32f103c8tx/system_stm32f1xx.o
                0x0000000008003414                AHBPrescTable
                0x0000000008003424                . = ALIGN (0x4)

.rel.dyn        0x0000000008003424        0x0
 .rel.iplt      0x0000000008003424        0x0 c:/st/stm32cubeide_1.3.0/stm32cubeide/plugins/com.st.stm32cube.ide.mcu.externaltools.gnu-tools-for-stm32.7-2018-q2-update.win32_1.0.0.201904181610/tools/bin/../lib/gcc/arm-none-eabi/7.3.1/thumb/v7-m/crtbegin.o

.ARM.extab      0x0000000008003424        0x0
                0x0000000008003424                . = ALIGN (0x4)
 *(.ARM.extab* .gnu.linkonce.armextab.*)
                0x0000000008003424                . = ALIGN (0x4)

.ARM            0x0000000008003424        0x0
                0x0000000008003424                . = ALIGN (0x4)
                0x0000000008003424                __exidx_start = .
 *(.ARM.exidx*)
                0x0000000008003424                __exidx_end = .
                0x0000000008003424                . = ALIGN (0x4)

.preinit_array  0x0000000008003424        0x0
                0x0000000008003424                . = ALIGN (0x4)
                0x0000000008003424                PROVIDE (__preinit_array_start = .)
 *(.preinit_array*)
                0x0000000008003424                PROVIDE (__preinit_array_end = .)
                0x0000000008003424                . = ALIGN (0x4)

.init_array     0x0000000008003424        0x4
                0x0000000008003424                . = ALIGN (0x4)
                0x0000000008003424                PROVIDE (__init_array_start = .)
 *(SORT_BY_NAME(.init_array.*))
 *(.init_array*)
 .init_array    0x0000000008003424        0x4 c:/st/stm32cubeide_1.3.0/stm32cubeide/plugins/com.st.stm32cube.ide.mcu.externaltools.gnu-tools-for-stm32.7-2018-q2-update.win32_1.0.0.201904181610/tools/bin/../lib/gcc/arm-none-eabi/7.3.1/thumb/v7-m/crtbegin.o
                0x0000000008003428                PROVIDE (__init_array_end = .)
                0x0000000008003428                . = ALIGN (0x4)

.fini_array     0x0000000008003428        0x4
                0x0000000008003428                . = ALIGN (0x4)
                [!provide]                        PROVIDE (__fini_array_start = .)
 *(SORT_BY_NAME(.fini_array.*))
 *(.fini_array*)
 .fini_array    0x0000000008003428        0x4 c:/st/stm32cubeide_1.3.0/stm32cubeide/plugins/com.st.stm32cube.ide.mcu.externaltools.gnu-tools-for-stm32.7-2018-q2-update.win32_1.0.0.201904181610/tools/bin/../lib/gcc/arm-none-eabi/7.3.1/thumb/v7-m/crtbegin.o
                [!provide]                        PROVIDE (__fini_array_end = .)
                0x000000000800342c                . = ALIGN (0x4)
                0x000000000800342c                _sidata = LOADADDR (.data)

.data           0x0000000020000000       0x10 load address 0x000000000800342c
                0x0000000020000000                . = ALIGN (0x4)
                0x0000000020000000                _sdata = .
 *(.data)
 *(.data*)
 .data.uwTickPrio
                0x0000000020000000        0x4 Drivers/STM32F1xx_HAL_Driver/Src/stm32f1xx_hal.o
                0x0000000020000000                uwTickPrio
 .data.uwTickFreq
                0x0000000020000004        0x1 Drivers/STM32F1xx_HAL_Driver/Src/stm32f1xx_hal.o
                0x0000000020000004                uwTickFreq
 *fill*         0x0000000020000005        0x3 
 .data.SystemCoreClock
                0x0000000020000008        0x4 Src/core/portable/hal/stm32f103c8tx/system_stm32f1xx.o
                0x0000000020000008                SystemCoreClock
 .data.timers_ready
                0x000000002000000c        0x1 Src/core/portable/hal/stm32f103c8tx/wrappers/timer_hal.o
                0x0000000020000010                . = ALIGN (0x4)
 *fill*         0x000000002000000d        0x3 
                0x0000000020000010                _edata = .

.igot.plt       0x0000000020000010        0x0 load address 0x000000000800343c
 .igot.plt      0x0000000020000010        0x0 c:/st/stm32cubeide_1.3.0/stm32cubeide/plugins/com.st.stm32cube.ide.mcu.externaltools.gnu-tools-for-stm32.7-2018-q2-update.win32_1.0.0.201904181610/tools/bin/../lib/gcc/arm-none-eabi/7.3.1/thumb/v7-m/crtbegin.o
                0x0000000020000010                . = ALIGN (0x4)

.bss            0x0000000020000010      0x2f4 load address 0x000000000800343c
                0x0000000020000010                _sbss = .
                0x0000000020000010                __bss_start__ = _sbss
 *(.bss)
 .bss           0x0000000020000010       0x1c c:/st/stm32cubeide_1.3.0/stm32cubeide/plugins/com.st.stm32cube.ide.mcu.externaltools.gnu-tools-for-stm32.7-2018-q2-update.win32_1.0.0.201904181610/tools/bin/../lib/gcc/arm-none-eabi/7.3.1/thumb/v7-m/crtbegin.o
 *(.bss*)
 .bss.total_pins
                0x000000002000002c        0x4 Src/core/portable/hal/stm32f103c8tx/wrappers/gpio_hal.o
                0x000000002000002c                total_pins
 .bss.timer_hal_ISR_cb
                0x0000000020000030       0x10 Src/core/portable/hal/stm32f103c8tx/wrappers/timer_hal.o
 .bss.timer_hal_cfg_buff
                0x0000000020000040        0x4 Src/core/portable/hal/stm32f103c8tx/wrappers/timer_hal.o
 .bss.pwm_hal_cfg_buff
                0x0000000020000044        0x4 Src/core/portable/hal/stm32f103c8tx/wrappers/timer_hal.o
 .bss.oc_hal_cfg_buff
                0x0000000020000048        0x4 Src/core/portable/hal/stm32f103c8tx/wrappers/timer_hal.o
 .bss.sClockSourceConfig
                0x000000002000004c       0x40 Src/core/portable/hal/stm32f103c8tx/wrappers/timer_hal.o
 .bss.sMasterConfig
                0x000000002000008c       0x20 Src/core/portable/hal/stm32f103c8tx/wrappers/timer_hal.o
 .bss.sConfigOC
                0x00000000200000ac       0x70 Src/core/portable/hal/stm32f103c8tx/wrappers/timer_hal.o
 .bss.tim       0x000000002000011c      0x100 Src/core/portable/hal/stm32f103c8tx/wrappers/timer_hal.o
 *(COMMON)
 COMMON         0x000000002000021c        0x4 Drivers/STM32F1xx_HAL_Driver/Src/stm32f1xx_hal.o
                0x000000002000021c                uwTick
 COMMON         0x0000000020000220        0x4 Src/core/portable/hal/stm32f103c8tx/wrappers/gpio_hal.o
                0x0000000020000220                gpio_hal_cfg_buff
 COMMON         0x0000000020000224       0xd0 Src/core/portable/hal/stm32f103c8tx/wrappers/interrupt_hal.o
                0x0000000020000224                isr_pt_array
 COMMON         0x00000000200002f4       0x10 Src/main.o
                0x00000000200002f4                gpio_prova_conf
                0x00000000200002f8                pwm_prova_conf
                0x00000000200002fc                timer_prova_conf
                0x0000000020000300                oc_prova_conf
                0x0000000020000304                . = ALIGN (0x4)
                0x0000000020000304                _ebss = .
                0x0000000020000304                __bss_end__ = _ebss

._user_heap_stack
                0x0000000020000304      0x604 load address 0x000000000800343c
                0x0000000020000308                . = ALIGN (0x8)
 *fill*         0x0000000020000304        0x4 
                0x0000000020000308                PROVIDE (end = .)
                [!provide]                        PROVIDE (_end = .)
                0x0000000020000508                . = (. + _Min_Heap_Size)
 *fill*         0x0000000020000308      0x200 
                0x0000000020000908                . = (. + _Min_Stack_Size)
 *fill*         0x0000000020000508      0x400 
                0x0000000020000908                . = ALIGN (0x8)

/DISCARD/
 libc.a(*)
 libm.a(*)
 libgcc.a(*)

.ARM.attributes
                0x0000000000000000       0x29
 *(.ARM.attributes)
 .ARM.attributes
                0x0000000000000000       0x1d c:/st/stm32cubeide_1.3.0/stm32cubeide/plugins/com.st.stm32cube.ide.mcu.externaltools.gnu-tools-for-stm32.7-2018-q2-update.win32_1.0.0.201904181610/tools/bin/../lib/gcc/arm-none-eabi/7.3.1/thumb/v7-m/crti.o
 .ARM.attributes
                0x000000000000001d       0x2d c:/st/stm32cubeide_1.3.0/stm32cubeide/plugins/com.st.stm32cube.ide.mcu.externaltools.gnu-tools-for-stm32.7-2018-q2-update.win32_1.0.0.201904181610/tools/bin/../lib/gcc/arm-none-eabi/7.3.1/thumb/v7-m/crtbegin.o
 .ARM.attributes
                0x000000000000004a       0x33 Drivers/STM32F1xx_HAL_Driver/Src/stm32f1xx_hal.o
 .ARM.attributes
                0x000000000000007d       0x33 Drivers/STM32F1xx_HAL_Driver/Src/stm32f1xx_hal_cortex.o
 .ARM.attributes
                0x00000000000000b0       0x33 Drivers/STM32F1xx_HAL_Driver/Src/stm32f1xx_hal_gpio.o
 .ARM.attributes
                0x00000000000000e3       0x33 Drivers/STM32F1xx_HAL_Driver/Src/stm32f1xx_hal_msp_template.o
 .ARM.attributes
                0x0000000000000116       0x33 Drivers/STM32F1xx_HAL_Driver/Src/stm32f1xx_hal_rcc.o
 .ARM.attributes
                0x0000000000000149       0x33 Drivers/STM32F1xx_HAL_Driver/Src/stm32f1xx_hal_tim.o
 .ARM.attributes
                0x000000000000017c       0x33 Drivers/STM32F1xx_HAL_Driver/Src/stm32f1xx_hal_tim_ex.o
 .ARM.attributes
                0x00000000000001af       0x33 Src/core/conf.o
 .ARM.attributes
                0x00000000000001e2       0x33 Src/core/portable/hal/stm32f103c8tx/system_stm32f1xx.o
 .ARM.attributes
                0x0000000000000215       0x33 Src/core/portable/hal/stm32f103c8tx/wrappers/clock_hal.o
 .ARM.attributes
                0x0000000000000248       0x33 Src/core/portable/hal/stm32f103c8tx/wrappers/gpio_hal.o
 .ARM.attributes
                0x000000000000027b       0x33 Src/core/portable/hal/stm32f103c8tx/wrappers/hal.o
 .ARM.attributes
                0x00000000000002ae       0x33 Src/core/portable/hal/stm32f103c8tx/wrappers/interrupt_hal.o
 .ARM.attributes
                0x00000000000002e1       0x33 Src/core/portable/hal/stm32f103c8tx/wrappers/timer_hal.o
 .ARM.attributes
                0x0000000000000314       0x33 Src/main.o
 .ARM.attributes
                0x0000000000000347       0x21 Startup/startup_stm32f103c8tx.o
 .ARM.attributes
                0x0000000000000368       0x2d c:/st/stm32cubeide_1.3.0/stm32cubeide/plugins/com.st.stm32cube.ide.mcu.externaltools.gnu-tools-for-stm32.7-2018-q2-update.win32_1.0.0.201904181610/tools/bin/../lib/gcc/arm-none-eabi/7.3.1/../../../../arm-none-eabi/lib/thumb/v7-m\libc_nano.a(lib_a-init.o)
 .ARM.attributes
                0x0000000000000395       0x2d c:/st/stm32cubeide_1.3.0/stm32cubeide/plugins/com.st.stm32cube.ide.mcu.externaltools.gnu-tools-for-stm32.7-2018-q2-update.win32_1.0.0.201904181610/tools/bin/../lib/gcc/arm-none-eabi/7.3.1/../../../../arm-none-eabi/lib/thumb/v7-m\libc_nano.a(lib_a-memset.o)
 .ARM.attributes
                0x00000000000003c2       0x1d c:/st/stm32cubeide_1.3.0/stm32cubeide/plugins/com.st.stm32cube.ide.mcu.externaltools.gnu-tools-for-stm32.7-2018-q2-update.win32_1.0.0.201904181610/tools/bin/../lib/gcc/arm-none-eabi/7.3.1/thumb/v7-m/crtn.o
OUTPUT(core_template.elf elf32-littlearm)

.debug_info     0x0000000000000000     0xc681
 .debug_info    0x0000000000000000      0x6fe Drivers/STM32F1xx_HAL_Driver/Src/stm32f1xx_hal.o
 .debug_info    0x00000000000006fe      0xb46 Drivers/STM32F1xx_HAL_Driver/Src/stm32f1xx_hal_cortex.o
 .debug_info    0x0000000000001244      0x681 Drivers/STM32F1xx_HAL_Driver/Src/stm32f1xx_hal_gpio.o
 .debug_info    0x00000000000018c5      0x1a5 Drivers/STM32F1xx_HAL_Driver/Src/stm32f1xx_hal_msp_template.o
 .debug_info    0x0000000000001a6a      0x804 Drivers/STM32F1xx_HAL_Driver/Src/stm32f1xx_hal_rcc.o
 .debug_info    0x000000000000226e     0x2456 Drivers/STM32F1xx_HAL_Driver/Src/stm32f1xx_hal_tim.o
 .debug_info    0x00000000000046c4     0x1104 Drivers/STM32F1xx_HAL_Driver/Src/stm32f1xx_hal_tim_ex.o
 .debug_info    0x00000000000057c8      0xf93 Src/core/conf.o
 .debug_info    0x000000000000675b      0x433 Src/core/portable/hal/stm32f103c8tx/system_stm32f1xx.o
 .debug_info    0x0000000000006b8e      0xbc0 Src/core/portable/hal/stm32f103c8tx/wrappers/clock_hal.o
 .debug_info    0x000000000000774e      0xe37 Src/core/portable/hal/stm32f103c8tx/wrappers/gpio_hal.o
 .debug_info    0x0000000000008585      0xae8 Src/core/portable/hal/stm32f103c8tx/wrappers/hal.o
 .debug_info    0x000000000000906d      0xc90 Src/core/portable/hal/stm32f103c8tx/wrappers/interrupt_hal.o
 .debug_info    0x0000000000009cfd     0x1a31 Src/core/portable/hal/stm32f103c8tx/wrappers/timer_hal.o
 .debug_info    0x000000000000b72e      0xf31 Src/main.o
 .debug_info    0x000000000000c65f       0x22 Startup/startup_stm32f103c8tx.o

.debug_abbrev   0x0000000000000000     0x1e4f
 .debug_abbrev  0x0000000000000000      0x1d8 Drivers/STM32F1xx_HAL_Driver/Src/stm32f1xx_hal.o
 .debug_abbrev  0x00000000000001d8      0x2d5 Drivers/STM32F1xx_HAL_Driver/Src/stm32f1xx_hal_cortex.o
 .debug_abbrev  0x00000000000004ad      0x1c0 Drivers/STM32F1xx_HAL_Driver/Src/stm32f1xx_hal_gpio.o
 .debug_abbrev  0x000000000000066d       0xae Drivers/STM32F1xx_HAL_Driver/Src/stm32f1xx_hal_msp_template.o
 .debug_abbrev  0x000000000000071b      0x243 Drivers/STM32F1xx_HAL_Driver/Src/stm32f1xx_hal_rcc.o
 .debug_abbrev  0x000000000000095e      0x230 Drivers/STM32F1xx_HAL_Driver/Src/stm32f1xx_hal_tim.o
 .debug_abbrev  0x0000000000000b8e      0x21e Drivers/STM32F1xx_HAL_Driver/Src/stm32f1xx_hal_tim_ex.o
 .debug_abbrev  0x0000000000000dac      0x1b5 Src/core/conf.o
 .debug_abbrev  0x0000000000000f61      0x134 Src/core/portable/hal/stm32f103c8tx/system_stm32f1xx.o
 .debug_abbrev  0x0000000000001095      0x216 Src/core/portable/hal/stm32f103c8tx/wrappers/clock_hal.o
 .debug_abbrev  0x00000000000012ab      0x271 Src/core/portable/hal/stm32f103c8tx/wrappers/gpio_hal.o
 .debug_abbrev  0x000000000000151c      0x1c5 Src/core/portable/hal/stm32f103c8tx/wrappers/hal.o
 .debug_abbrev  0x00000000000016e1      0x2a3 Src/core/portable/hal/stm32f103c8tx/wrappers/interrupt_hal.o
 .debug_abbrev  0x0000000000001984      0x2dd Src/core/portable/hal/stm32f103c8tx/wrappers/timer_hal.o
 .debug_abbrev  0x0000000000001c61      0x1dc Src/main.o
 .debug_abbrev  0x0000000000001e3d       0x12 Startup/startup_stm32f103c8tx.o

.debug_aranges  0x0000000000000000      0xa80
 .debug_aranges
                0x0000000000000000       0xe0 Drivers/STM32F1xx_HAL_Driver/Src/stm32f1xx_hal.o
 .debug_aranges
                0x00000000000000e0      0x100 Drivers/STM32F1xx_HAL_Driver/Src/stm32f1xx_hal_cortex.o
 .debug_aranges
                0x00000000000001e0       0x58 Drivers/STM32F1xx_HAL_Driver/Src/stm32f1xx_hal_gpio.o
 .debug_aranges
                0x0000000000000238       0x38 Drivers/STM32F1xx_HAL_Driver/Src/stm32f1xx_hal_msp_template.o
 .debug_aranges
                0x0000000000000270       0x90 Drivers/STM32F1xx_HAL_Driver/Src/stm32f1xx_hal_rcc.o
 .debug_aranges
                0x0000000000000300      0x3a8 Drivers/STM32F1xx_HAL_Driver/Src/stm32f1xx_hal_tim.o
 .debug_aranges
                0x00000000000006a8      0x150 Drivers/STM32F1xx_HAL_Driver/Src/stm32f1xx_hal_tim_ex.o
 .debug_aranges
                0x00000000000007f8       0x40 Src/core/conf.o
 .debug_aranges
                0x0000000000000838       0x28 Src/core/portable/hal/stm32f103c8tx/system_stm32f1xx.o
 .debug_aranges
                0x0000000000000860       0x30 Src/core/portable/hal/stm32f103c8tx/wrappers/clock_hal.o
 .debug_aranges
                0x0000000000000890       0x48 Src/core/portable/hal/stm32f103c8tx/wrappers/gpio_hal.o
 .debug_aranges
                0x00000000000008d8       0x20 Src/core/portable/hal/stm32f103c8tx/wrappers/hal.o
 .debug_aranges
                0x00000000000008f8       0xb0 Src/core/portable/hal/stm32f103c8tx/wrappers/interrupt_hal.o
 .debug_aranges
                0x00000000000009a8       0x88 Src/core/portable/hal/stm32f103c8tx/wrappers/timer_hal.o
 .debug_aranges
                0x0000000000000a30       0x28 Src/main.o
 .debug_aranges
                0x0000000000000a58       0x28 Startup/startup_stm32f103c8tx.o

.debug_ranges   0x0000000000000000      0x9a0
 .debug_ranges  0x0000000000000000       0xd0 Drivers/STM32F1xx_HAL_Driver/Src/stm32f1xx_hal.o
 .debug_ranges  0x00000000000000d0       0xf0 Drivers/STM32F1xx_HAL_Driver/Src/stm32f1xx_hal_cortex.o
 .debug_ranges  0x00000000000001c0       0x48 Drivers/STM32F1xx_HAL_Driver/Src/stm32f1xx_hal_gpio.o
 .debug_ranges  0x0000000000000208       0x28 Drivers/STM32F1xx_HAL_Driver/Src/stm32f1xx_hal_msp_template.o
 .debug_ranges  0x0000000000000230       0x80 Drivers/STM32F1xx_HAL_Driver/Src/stm32f1xx_hal_rcc.o
 .debug_ranges  0x00000000000002b0      0x398 Drivers/STM32F1xx_HAL_Driver/Src/stm32f1xx_hal_tim.o
 .debug_ranges  0x0000000000000648      0x140 Drivers/STM32F1xx_HAL_Driver/Src/stm32f1xx_hal_tim_ex.o
 .debug_ranges  0x0000000000000788       0x30 Src/core/conf.o
 .debug_ranges  0x00000000000007b8       0x18 Src/core/portable/hal/stm32f103c8tx/system_stm32f1xx.o
 .debug_ranges  0x00000000000007d0       0x20 Src/core/portable/hal/stm32f103c8tx/wrappers/clock_hal.o
 .debug_ranges  0x00000000000007f0       0x38 Src/core/portable/hal/stm32f103c8tx/wrappers/gpio_hal.o
 .debug_ranges  0x0000000000000828       0x10 Src/core/portable/hal/stm32f103c8tx/wrappers/hal.o
 .debug_ranges  0x0000000000000838       0xa0 Src/core/portable/hal/stm32f103c8tx/wrappers/interrupt_hal.o
 .debug_ranges  0x00000000000008d8       0x90 Src/core/portable/hal/stm32f103c8tx/wrappers/timer_hal.o
 .debug_ranges  0x0000000000000968       0x18 Src/main.o
 .debug_ranges  0x0000000000000980       0x20 Startup/startup_stm32f103c8tx.o

.debug_macro    0x0000000000000000     0x3d62
 .debug_macro   0x0000000000000000      0x1b4 Drivers/STM32F1xx_HAL_Driver/Src/stm32f1xx_hal.o
 .debug_macro   0x00000000000001b4      0x190 Drivers/STM32F1xx_HAL_Driver/Src/stm32f1xx_hal_cortex.o
 .debug_macro   0x0000000000000344      0x1fb Drivers/STM32F1xx_HAL_Driver/Src/stm32f1xx_hal_gpio.o
 .debug_macro   0x000000000000053f      0x190 Drivers/STM32F1xx_HAL_Driver/Src/stm32f1xx_hal_msp_template.o
 .debug_macro   0x00000000000006cf      0x1a2 Drivers/STM32F1xx_HAL_Driver/Src/stm32f1xx_hal_rcc.o
 .debug_macro   0x0000000000000871      0x191 Drivers/STM32F1xx_HAL_Driver/Src/stm32f1xx_hal_tim.o
 .debug_macro   0x0000000000000a02      0x190 Drivers/STM32F1xx_HAL_Driver/Src/stm32f1xx_hal_tim_ex.o
 .debug_macro   0x0000000000000b92      0x391 Src/core/conf.o
 .debug_macro   0x0000000000000f23       0x40 Src/core/conf.o
 .debug_macro   0x0000000000000f63       0x18 Src/core/conf.o
 .debug_macro   0x0000000000000f7b       0x94 Src/core/conf.o
 .debug_macro   0x000000000000100f       0x3c Src/core/conf.o
 .debug_macro   0x000000000000104b       0x34 Src/core/conf.o
 .debug_macro   0x000000000000107f       0x16 Src/core/conf.o
 .debug_macro   0x0000000000001095       0x57 Src/core/conf.o
 .debug_macro   0x00000000000010ec       0x97 Src/core/conf.o
 .debug_macro   0x0000000000001183      0x330 Src/core/conf.o
 .debug_macro   0x00000000000014b3       0xfd Src/core/conf.o
 .debug_macro   0x00000000000015b0       0x10 Src/core/conf.o
 .debug_macro   0x00000000000015c0       0x52 Src/core/conf.o
 .debug_macro   0x0000000000001612       0x1f Src/core/conf.o
 .debug_macro   0x0000000000001631       0x43 Src/core/conf.o
 .debug_macro   0x0000000000001674       0x20 Src/core/conf.o
 .debug_macro   0x0000000000001694      0x1a3 Src/core/conf.o
 .debug_macro   0x0000000000001837       0x10 Src/core/conf.o
 .debug_macro   0x0000000000001847       0x1c Src/core/conf.o
 .debug_macro   0x0000000000001863       0x52 Src/core/conf.o
 .debug_macro   0x00000000000018b5       0x40 Src/core/conf.o
 .debug_macro   0x00000000000018f5       0x10 Src/core/conf.o
 .debug_macro   0x0000000000001905       0x40 Src/core/conf.o
 .debug_macro   0x0000000000001945       0xd7 Src/core/conf.o
 .debug_macro   0x0000000000001a1c       0x1c Src/core/conf.o
 .debug_macro   0x0000000000001a38       0x3d Src/core/conf.o
 .debug_macro   0x0000000000001a75       0x16 Src/core/conf.o
 .debug_macro   0x0000000000001a8b      0x145 Src/core/conf.o
 .debug_macro   0x0000000000001bd0       0x22 Src/core/conf.o
 .debug_macro   0x0000000000001bf2       0x16 Src/core/conf.o
 .debug_macro   0x0000000000001c08       0x35 Src/core/conf.o
 .debug_macro   0x0000000000001c3d       0x16 Src/core/conf.o
 .debug_macro   0x0000000000001c53       0x29 Src/core/conf.o
 .debug_macro   0x0000000000001c7c       0x16 Src/core/conf.o
 .debug_macro   0x0000000000001c92       0x20 Src/core/conf.o
 .debug_macro   0x0000000000001cb2       0xbd Src/core/conf.o
 .debug_macro   0x0000000000001d6f       0x54 Src/core/conf.o
 .debug_macro   0x0000000000001dc3       0x16 Src/core/conf.o
 .debug_macro   0x0000000000001dd9       0x1c Src/core/conf.o
 .debug_macro   0x0000000000001df5      0x196 Src/core/portable/hal/stm32f103c8tx/system_stm32f1xx.o
 .debug_macro   0x0000000000001f8b      0x36f Src/core/portable/hal/stm32f103c8tx/wrappers/clock_hal.o
 .debug_macro   0x00000000000022fa      0x37e Src/core/portable/hal/stm32f103c8tx/wrappers/gpio_hal.o
 .debug_macro   0x0000000000002678      0x36b Src/core/portable/hal/stm32f103c8tx/wrappers/hal.o
 .debug_macro   0x00000000000029e3       0x46 Src/core/portable/hal/stm32f103c8tx/wrappers/hal.o
 .debug_macro   0x0000000000002a29      0x32a Src/core/portable/hal/stm32f103c8tx/wrappers/hal.o
 .debug_macro   0x0000000000002d53      0x375 Src/core/portable/hal/stm32f103c8tx/wrappers/interrupt_hal.o
 .debug_macro   0x00000000000030c8      0x391 Src/core/portable/hal/stm32f103c8tx/wrappers/timer_hal.o
 .debug_macro   0x0000000000003459       0x16 Src/core/portable/hal/stm32f103c8tx/wrappers/timer_hal.o
 .debug_macro   0x000000000000346f      0x550 Src/core/portable/hal/stm32f103c8tx/wrappers/timer_hal.o
 .debug_macro   0x00000000000039bf      0x3a3 Src/main.o

.debug_line     0x0000000000000000     0xafe1
 .debug_line    0x0000000000000000      0x95a Drivers/STM32F1xx_HAL_Driver/Src/stm32f1xx_hal.o
 .debug_line    0x000000000000095a      0xa33 Drivers/STM32F1xx_HAL_Driver/Src/stm32f1xx_hal_cortex.o
 .debug_line    0x000000000000138d      0x95a Drivers/STM32F1xx_HAL_Driver/Src/stm32f1xx_hal_gpio.o
 .debug_line    0x0000000000001ce7      0x7c7 Drivers/STM32F1xx_HAL_Driver/Src/stm32f1xx_hal_msp_template.o
 .debug_line    0x00000000000024ae      0xa1c Drivers/STM32F1xx_HAL_Driver/Src/stm32f1xx_hal_rcc.o
 .debug_line    0x0000000000002eca     0x1820 Drivers/STM32F1xx_HAL_Driver/Src/stm32f1xx_hal_tim.o
 .debug_line    0x00000000000046ea      0xd6d Drivers/STM32F1xx_HAL_Driver/Src/stm32f1xx_hal_tim_ex.o
 .debug_line    0x0000000000005457      0xb74 Src/core/conf.o
 .debug_line    0x0000000000005fcb      0x7cd Src/core/portable/hal/stm32f103c8tx/system_stm32f1xx.o
 .debug_line    0x0000000000006798      0xb17 Src/core/portable/hal/stm32f103c8tx/wrappers/clock_hal.o
 .debug_line    0x00000000000072af      0xc2d Src/core/portable/hal/stm32f103c8tx/wrappers/gpio_hal.o
 .debug_line    0x0000000000007edc      0xac2 Src/core/portable/hal/stm32f103c8tx/wrappers/hal.o
 .debug_line    0x000000000000899e      0xc72 Src/core/portable/hal/stm32f103c8tx/wrappers/interrupt_hal.o
 .debug_line    0x0000000000009610      0xddf Src/core/portable/hal/stm32f103c8tx/wrappers/timer_hal.o
 .debug_line    0x000000000000a3ef      0xb6e Src/main.o
 .debug_line    0x000000000000af5d       0x84 Startup/startup_stm32f103c8tx.o

.debug_str      0x0000000000000000    0x72938
 .debug_str     0x0000000000000000    0x68bb7 Drivers/STM32F1xx_HAL_Driver/Src/stm32f1xx_hal.o
                                      0x69491 (size before relaxing)
 .debug_str     0x0000000000068bb7      0x326 Drivers/STM32F1xx_HAL_Driver/Src/stm32f1xx_hal_cortex.o
                                      0x6949f (size before relaxing)
 .debug_str     0x0000000000068edd      0x38d Drivers/STM32F1xx_HAL_Driver/Src/stm32f1xx_hal_gpio.o
                                      0x691ca (size before relaxing)
 .debug_str     0x000000000006926a       0x63 Drivers/STM32F1xx_HAL_Driver/Src/stm32f1xx_hal_msp_template.o
                                      0x68dec (size before relaxing)
 .debug_str     0x00000000000692cd      0x373 Drivers/STM32F1xx_HAL_Driver/Src/stm32f1xx_hal_rcc.o
                                      0x69203 (size before relaxing)
 .debug_str     0x0000000000069640     0x1176 Drivers/STM32F1xx_HAL_Driver/Src/stm32f1xx_hal_tim.o
                                      0x69fce (size before relaxing)
 .debug_str     0x000000000006a7b6      0x579 Drivers/STM32F1xx_HAL_Driver/Src/stm32f1xx_hal_tim_ex.o
                                      0x697ce (size before relaxing)
 .debug_str     0x000000000006ad2f     0x464d Src/core/conf.o
                                      0x6d52b (size before relaxing)
 .debug_str     0x000000000006f37c       0x89 Src/core/portable/hal/stm32f103c8tx/system_stm32f1xx.o
                                      0x68e9b (size before relaxing)
 .debug_str     0x000000000006f405      0x11a Src/core/portable/hal/stm32f103c8tx/wrappers/clock_hal.o
                                      0x6d247 (size before relaxing)
 .debug_str     0x000000000006f51f       0xea Src/core/portable/hal/stm32f103c8tx/wrappers/gpio_hal.o
                                      0x6d331 (size before relaxing)
 .debug_str     0x000000000006f609       0x44 Src/core/portable/hal/stm32f103c8tx/wrappers/hal.o
                                      0x6d0ac (size before relaxing)
 .debug_str     0x000000000006f64d      0x339 Src/core/portable/hal/stm32f103c8tx/wrappers/interrupt_hal.o
                                      0x6d34b (size before relaxing)
 .debug_str     0x000000000006f986     0x2f1c Src/core/portable/hal/stm32f103c8tx/wrappers/timer_hal.o
                                      0x70a4d (size before relaxing)
 .debug_str     0x00000000000728a2       0x65 Src/main.o
                                      0x6d534 (size before relaxing)
 .debug_str     0x0000000000072907       0x31 Startup/startup_stm32f103c8tx.o
                                         0x8c (size before relaxing)

.comment        0x0000000000000000       0x7b
 .comment       0x0000000000000000       0x7b Drivers/STM32F1xx_HAL_Driver/Src/stm32f1xx_hal.o
                                         0x7c (size before relaxing)
 .comment       0x000000000000007b       0x7c Drivers/STM32F1xx_HAL_Driver/Src/stm32f1xx_hal_cortex.o
 .comment       0x000000000000007b       0x7c Drivers/STM32F1xx_HAL_Driver/Src/stm32f1xx_hal_gpio.o
 .comment       0x000000000000007b       0x7c Drivers/STM32F1xx_HAL_Driver/Src/stm32f1xx_hal_msp_template.o
 .comment       0x000000000000007b       0x7c Drivers/STM32F1xx_HAL_Driver/Src/stm32f1xx_hal_rcc.o
 .comment       0x000000000000007b       0x7c Drivers/STM32F1xx_HAL_Driver/Src/stm32f1xx_hal_tim.o
 .comment       0x000000000000007b       0x7c Drivers/STM32F1xx_HAL_Driver/Src/stm32f1xx_hal_tim_ex.o
 .comment       0x000000000000007b       0x7c Src/core/conf.o
 .comment       0x000000000000007b       0x7c Src/core/portable/hal/stm32f103c8tx/system_stm32f1xx.o
 .comment       0x000000000000007b       0x7c Src/core/portable/hal/stm32f103c8tx/wrappers/clock_hal.o
 .comment       0x000000000000007b       0x7c Src/core/portable/hal/stm32f103c8tx/wrappers/gpio_hal.o
 .comment       0x000000000000007b       0x7c Src/core/portable/hal/stm32f103c8tx/wrappers/hal.o
 .comment       0x000000000000007b       0x7c Src/core/portable/hal/stm32f103c8tx/wrappers/interrupt_hal.o
 .comment       0x000000000000007b       0x7c Src/core/portable/hal/stm32f103c8tx/wrappers/timer_hal.o
 .comment       0x000000000000007b       0x7c Src/main.o

.debug_frame    0x0000000000000000     0x29a4
 .debug_frame   0x0000000000000000      0x334 Drivers/STM32F1xx_HAL_Driver/Src/stm32f1xx_hal.o
 .debug_frame   0x0000000000000334      0x428 Drivers/STM32F1xx_HAL_Driver/Src/stm32f1xx_hal_cortex.o
 .debug_frame   0x000000000000075c      0x14c Drivers/STM32F1xx_HAL_Driver/Src/stm32f1xx_hal_gpio.o
 .debug_frame   0x00000000000008a8       0x90 Drivers/STM32F1xx_HAL_Driver/Src/stm32f1xx_hal_msp_template.o
 .debug_frame   0x0000000000000938      0x21c Drivers/STM32F1xx_HAL_Driver/Src/stm32f1xx_hal_rcc.o
 .debug_frame   0x0000000000000b54     0x10e8 Drivers/STM32F1xx_HAL_Driver/Src/stm32f1xx_hal_tim.o
 .debug_frame   0x0000000000001c3c      0x5c0 Drivers/STM32F1xx_HAL_Driver/Src/stm32f1xx_hal_tim_ex.o
 .debug_frame   0x00000000000021fc       0xb0 Src/core/conf.o
 .debug_frame   0x00000000000022ac       0x58 Src/core/portable/hal/stm32f103c8tx/system_stm32f1xx.o
 .debug_frame   0x0000000000002304       0x7c Src/core/portable/hal/stm32f103c8tx/wrappers/clock_hal.o
 .debug_frame   0x0000000000002380       0xf4 Src/core/portable/hal/stm32f103c8tx/wrappers/gpio_hal.o
 .debug_frame   0x0000000000002474       0x34 Src/core/portable/hal/stm32f103c8tx/wrappers/hal.o
 .debug_frame   0x00000000000024a8      0x260 Src/core/portable/hal/stm32f103c8tx/wrappers/interrupt_hal.o
 .debug_frame   0x0000000000002708      0x200 Src/core/portable/hal/stm32f103c8tx/wrappers/timer_hal.o
 .debug_frame   0x0000000000002908       0x50 Src/main.o
 .debug_frame   0x0000000000002958       0x2c c:/st/stm32cubeide_1.3.0/stm32cubeide/plugins/com.st.stm32cube.ide.mcu.externaltools.gnu-tools-for-stm32.7-2018-q2-update.win32_1.0.0.201904181610/tools/bin/../lib/gcc/arm-none-eabi/7.3.1/../../../../arm-none-eabi/lib/thumb/v7-m\libc_nano.a(lib_a-init.o)
 .debug_frame   0x0000000000002984       0x20 c:/st/stm32cubeide_1.3.0/stm32cubeide/plugins/com.st.stm32cube.ide.mcu.externaltools.gnu-tools-for-stm32.7-2018-q2-update.win32_1.0.0.201904181610/tools/bin/../lib/gcc/arm-none-eabi/7.3.1/../../../../arm-none-eabi/lib/thumb/v7-m\libc_nano.a(lib_a-memset.o)
